<html>
<body>
<pre>
<h1>µVision Build Log</h1>
<h2>Project:</h2>
N:\MTE241\Stacker\Project4.uvproj
Project File Date:  07/11/2017

<h2>Output:</h2>
Rebuild target 'Target 1'
assembling startup_LPC17xx.s...
compiling RTX_config.c...
compiling uart.c...
compiling Retarget.c...
compiling system_LPC17xx.c...
compiling Main.c...
compiling lcd_display.c...
compiling stat_display.c...
compiling game_state.c...
compiling led.c...
compiling joystick.c...
compiling potentiometer.c...
compiling timer.c...
compiling GLCD_Scroll.c...
compiling GLCD_SPI_LPC1700.c...
linking...
Program Size: Code=12456 RO-data=6572 RW-data=144 ZI-data=12524  
"Project4.axf" - 0 Error(s), 0 Warning(s).
Load "N:\\MTE241\\Stacker\\Project4.AXF" 
Erase Done.
Programming Done.
Verify OK.
Rebuild target 'Target 1'
assembling startup_LPC17xx.s...
compiling RTX_config.c...
compiling uart.c...
compiling Retarget.c...
compiling system_LPC17xx.c...
compiling Main.c...
compiling lcd_display.c...
compiling stat_display.c...
compiling game_state.c...
compiling led.c...
compiling joystick.c...
compiling potentiometer.c...
compiling timer.c...
compiling GLCD_Scroll.c...
compiling GLCD_SPI_LPC1700.c...
linking...
Program Size: Code=12448 RO-data=6572 RW-data=144 ZI-data=12524  
"Project4.axf" - 0 Error(s), 0 Warning(s).
Load "N:\\MTE241\\Stacker\\Project4.AXF" 
Erase Done.
Programming Done.
Verify OK.
Rebuild target 'Target 1'
assembling startup_LPC17xx.s...
compiling RTX_config.c...
compiling uart.c...
compiling Retarget.c...
compiling system_LPC17xx.c...
compiling Main.c...
Source Code\Main.c(67): error:  #127: expected a statement
compiling lcd_display.c...
compiling stat_display.c...
compiling game_state.c...
compiling led.c...
compiling joystick.c...
compiling potentiometer.c...
compiling timer.c...
compiling GLCD_Scroll.c...
compiling GLCD_SPI_LPC1700.c...
Target not created
Build target 'Target 1'
compiling Main.c...
linking...
Program Size: Code=12060 RO-data=6572 RW-data=144 ZI-data=12524  
"Project4.axf" - 0 Error(s), 0 Warning(s).
Build target 'Target 1'
compiling Main.c...
Source Code\Main.c(67): error:  #127: expected a statement
Target not created
Build target 'Target 1'
compiling Main.c...
linking...
Program Size: Code=12060 RO-data=6572 RW-data=144 ZI-data=12524  
"Project4.axf" - 0 Error(s), 0 Warning(s).
Load "N:\\MTE241\\Stacker\\Project4.AXF" 
Erase Done.
Programming Done.
Verify OK.
Load "N:\\MTE241\\Stacker\\Project4.AXF" 
Erase Done.
Programming Done.
Verify OK.
Build target 'Target 1'
compiling Main.c...
linking...
Program Size: Code=12104 RO-data=6572 RW-data=144 ZI-data=12524  
"Project4.axf" - 0 Error(s), 0 Warning(s).
Build target 'Target 1'
compiling Main.c...
linking...
Program Size: Code=12104 RO-data=6572 RW-data=144 ZI-data=12524  
"Project4.axf" - 0 Error(s), 0 Warning(s).
Load "N:\\MTE241\\Stacker\\Project4.AXF" 
Erase Done.
Programming Done.
Verify OK.
Build target 'Target 1'
compiling Main.c...
linking...
Program Size: Code=12104 RO-data=6572 RW-data=144 ZI-data=12524  
"Project4.axf" - 0 Error(s), 0 Warning(s).
Load "N:\\MTE241\\Stacker\\Project4.AXF" 
Erase Done.
Programming Done.
Verify OK.
Build target 'Target 1'
compiling Main.c...
linking...
Program Size: Code=12144 RO-data=6572 RW-data=144 ZI-data=12524  
"Project4.axf" - 0 Error(s), 0 Warning(s).
Load "N:\\MTE241\\Stacker\\Project4.AXF" 
Erase Done.
Programming Failed!
Build target 'Target 1'
linking...
Program Size: Code=12144 RO-data=6572 RW-data=144 ZI-data=12524  
"Project4.axf" - 0 Error(s), 0 Warning(s).
Load "N:\\MTE241\\Stacker\\Project4.AXF" 
Erase Done.
Programming Done.
Verify OK.
Build target 'Target 1'
compiling Main.c...
linking...
Program Size: Code=12144 RO-data=6572 RW-data=144 ZI-data=12524  
"Project4.axf" - 0 Error(s), 0 Warning(s).
Load "N:\\MTE241\\Stacker\\Project4.AXF" 
Erase Done.
Programming Done.
Verify OK.
Build target 'Target 1'
compiling Main.c...
linking...
Program Size: Code=12152 RO-data=6572 RW-data=144 ZI-data=12524  
"Project4.axf" - 0 Error(s), 0 Warning(s).
Load "N:\\MTE241\\Stacker\\Project4.AXF" 
Erase Done.
Programming Done.
Verify OK.
Load "N:\\MTE241\\Stacker\\Project4.AXF" 
Erase Done.
Programming Done.
Verify OK.
Build target 'Target 1'
compiling Main.c...
linking...
Program Size: Code=12152 RO-data=6572 RW-data=144 ZI-data=12524  
"Project4.axf" - 0 Error(s), 0 Warning(s).
Build target 'Target 1'
compiling Main.c...
linking...
Program Size: Code=12176 RO-data=6572 RW-data=144 ZI-data=12524  
"Project4.axf" - 0 Error(s), 0 Warning(s).
Load "N:\\MTE241\\Stacker\\Project4.AXF" 
Erase Done.
Programming Done.
Verify OK.
Build target 'Target 1'
compiling Main.c...
linking...
Program Size: Code=12168 RO-data=6572 RW-data=144 ZI-data=12524  
"Project4.axf" - 0 Error(s), 0 Warning(s).
Load "N:\\MTE241\\Stacker\\Project4.AXF" 
Erase Done.
Programming Done.
Verify OK.
Build target 'Target 1'
compiling RTX_config.c...
compiling Main.c...
linking...
Program Size: Code=12176 RO-data=6572 RW-data=144 ZI-data=12524  
"Project4.axf" - 0 Error(s), 0 Warning(s).
Rebuild target 'Target 1'
assembling startup_LPC17xx.s...
compiling RTX_config.c...
compiling uart.c...
compiling Retarget.c...
compiling system_LPC17xx.c...
compiling Main.c...
compiling lcd_display.c...
compiling stat_display.c...
compiling game_state.c...
compiling led.c...
compiling joystick.c...
compiling potentiometer.c...
compiling timer.c...
compiling GLCD_Scroll.c...
compiling GLCD_SPI_LPC1700.c...
linking...
Program Size: Code=12176 RO-data=6572 RW-data=144 ZI-data=12524  
"Project4.axf" - 0 Error(s), 0 Warning(s).
Load "N:\\MTE241\\Stacker\\Project4.AXF" 
Erase Done.
Programming Done.
Verify OK.
Rebuild target 'Target 1'
assembling startup_LPC17xx.s...
compiling RTX_config.c...
compiling uart.c...
compiling Retarget.c...
compiling system_LPC17xx.c...
compiling Main.c...
compiling lcd_display.c...
compiling stat_display.c...
compiling game_state.c...
compiling led.c...
compiling joystick.c...
compiling potentiometer.c...
compiling timer.c...
compiling GLCD_Scroll.c...
compiling GLCD_SPI_LPC1700.c...
linking...
Program Size: Code=12176 RO-data=6572 RW-data=144 ZI-data=13088  
"Project4.axf" - 0 Error(s), 0 Warning(s).
Load "N:\\MTE241\\Stacker\\Project4.AXF" 
Erase Done.
Programming Done.
Verify OK.
Rebuild target 'Target 1'
assembling startup_LPC17xx.s...
compiling RTX_config.c...
compiling uart.c...
compiling Retarget.c...
compiling system_LPC17xx.c...
compiling Main.c...
compiling lcd_display.c...
compiling stat_display.c...
compiling game_state.c...
compiling led.c...
compiling joystick.c...
compiling potentiometer.c...
compiling timer.c...
compiling GLCD_Scroll.c...
compiling GLCD_SPI_LPC1700.c...
linking...
Program Size: Code=12176 RO-data=6572 RW-data=144 ZI-data=13652  
"Project4.axf" - 0 Error(s), 0 Warning(s).
Load "N:\\MTE241\\Stacker\\Project4.AXF" 
Erase Done.
Programming Done.
Verify OK.
Rebuild target 'Target 1'
assembling startup_LPC17xx.s...
compiling RTX_config.c...
compiling uart.c...
compiling Retarget.c...
compiling system_LPC17xx.c...
compiling Main.c...
compiling lcd_display.c...
compiling stat_display.c...
compiling game_state.c...
compiling led.c...
compiling joystick.c...
compiling potentiometer.c...
compiling timer.c...
compiling GLCD_Scroll.c...
compiling GLCD_SPI_LPC1700.c...
linking...
Program Size: Code=12176 RO-data=6572 RW-data=144 ZI-data=12524  
"Project4.axf" - 0 Error(s), 0 Warning(s).
Build target 'Target 1'
compiling Main.c...
linking...
Program Size: Code=12204 RO-data=6572 RW-data=148 ZI-data=12528  
"Project4.axf" - 0 Error(s), 0 Warning(s).
Load "N:\\MTE241\\Stacker\\Project4.AXF" 
Erase Done.
Programming Done.
Verify OK.
Rebuild target 'Target 1'
assembling startup_LPC17xx.s...
compiling RTX_config.c...
compiling uart.c...
compiling Retarget.c...
compiling system_LPC17xx.c...
compiling Main.c...
compiling lcd_display.c...
compiling stat_display.c...
compiling game_state.c...
compiling led.c...
compiling joystick.c...
compiling potentiometer.c...
compiling timer.c...
compiling GLCD_Scroll.c...
compiling GLCD_SPI_LPC1700.c...
linking...
Program Size: Code=12204 RO-data=6572 RW-data=148 ZI-data=12528  
"Project4.axf" - 0 Error(s), 0 Warning(s).
Load "N:\\MTE241\\Stacker\\Project4.AXF" 
Erase Done.
Programming Done.
Verify OK.
Rebuild target 'Target 1'
assembling startup_LPC17xx.s...
compiling RTX_config.c...
compiling uart.c...
compiling Retarget.c...
compiling system_LPC17xx.c...
compiling Main.c...
compiling lcd_display.c...
compiling stat_display.c...
compiling game_state.c...
compiling led.c...
compiling joystick.c...
compiling potentiometer.c...
compiling timer.c...
compiling GLCD_Scroll.c...
compiling GLCD_SPI_LPC1700.c...
linking...
Program Size: Code=12196 RO-data=6572 RW-data=148 ZI-data=12528  
"Project4.axf" - 0 Error(s), 0 Warning(s).
Load "N:\\MTE241\\Stacker\\Project4.AXF" 
Erase Done.
Programming Done.
Verify OK.
Rebuild target 'Target 1'
assembling startup_LPC17xx.s...
compiling RTX_config.c...
compiling uart.c...
compiling Retarget.c...
compiling system_LPC17xx.c...
compiling Main.c...
compiling lcd_display.c...
Source Code\lcd_display.c(9): error:  #60: this operator is not allowed in an integral constant expression
Source Code\lcd_display.c(9): error:  #60: this operator is not allowed in an integral constant expression
Source Code\lcd_display.c(13): error:  #20: identifier "i" is undefined
Source Code\lcd_display.c(14): error:  #136: struct "block" has no field "display_bitmap"
Source Code\lcd_display.c(18): error:  #20: identifier "i" is undefined
Source Code\lcd_display.c(19): error:  #136: struct "block" has no field "display_bitmap"
compiling stat_display.c...
compiling game_state.c...
compiling led.c...
compiling joystick.c...
compiling potentiometer.c...
compiling timer.c...
compiling GLCD_Scroll.c...
compiling GLCD_SPI_LPC1700.c...
Target not created
Rebuild target 'Target 1'
assembling startup_LPC17xx.s...
compiling RTX_config.c...
compiling uart.c...
compiling Retarget.c...
compiling system_LPC17xx.c...
compiling Main.c...
compiling lcd_display.c...
Source Code\lcd_display.c(9): error:  #60: this operator is not allowed in an integral constant expression
Source Code\lcd_display.c(9): error:  #60: this operator is not allowed in an integral constant expression
compiling stat_display.c...
compiling game_state.c...
compiling led.c...
compiling joystick.c...
compiling potentiometer.c...
compiling timer.c...
compiling GLCD_Scroll.c...
compiling GLCD_SPI_LPC1700.c...
Target not created
Rebuild target 'Target 1'
assembling startup_LPC17xx.s...
compiling RTX_config.c...
compiling uart.c...
compiling Retarget.c...
compiling system_LPC17xx.c...
compiling Main.c...
compiling lcd_display.c...
Source Code\lcd_display.c(9): error:  #60: this operator is not allowed in an integral constant expression
Source Code\lcd_display.c(9): error:  #60: this operator is not allowed in an integral constant expression
compiling stat_display.c...
compiling game_state.c...
compiling led.c...
compiling joystick.c...
compiling potentiometer.c...
compiling timer.c...
compiling GLCD_Scroll.c...
compiling GLCD_SPI_LPC1700.c...
Target not created
Rebuild target 'Target 1'
assembling startup_LPC17xx.s...
compiling RTX_config.c...
compiling uart.c...
compiling Retarget.c...
compiling system_LPC17xx.c...
compiling Main.c...
compiling lcd_display.c...
Source Code\lcd_display.c(12): error:  #268: declaration may not appear after executable statement in block
Source Code\lcd_display.c(12): error:  #28: expression must have a constant value
Source Code\lcd_display.c(12): error:  #28: expression must have a constant value
Source Code\lcd_display.c(13): error:  #268: declaration may not appear after executable statement in block
compiling stat_display.c...
compiling game_state.c...
compiling led.c...
compiling joystick.c...
compiling potentiometer.c...
compiling timer.c...
compiling GLCD_Scroll.c...
compiling GLCD_SPI_LPC1700.c...
Target not created
Rebuild target 'Target 1'
assembling startup_LPC17xx.s...
compiling RTX_config.c...
compiling uart.c...
compiling Retarget.c...
compiling system_LPC17xx.c...
compiling Main.c...
compiling lcd_display.c...
Source Code\lcd_display.c(13): error:  #268: declaration may not appear after executable statement in block
Source Code\lcd_display.c(13): error:  #28: expression must have a constant value
Source Code\lcd_display.c(13): error:  #28: expression must have a constant value
compiling stat_display.c...
compiling game_state.c...
compiling led.c...
compiling joystick.c...
compiling potentiometer.c...
compiling timer.c...
compiling GLCD_Scroll.c...
compiling GLCD_SPI_LPC1700.c...
Target not created
Rebuild target 'Target 1'
assembling startup_LPC17xx.s...
compiling RTX_config.c...
compiling uart.c...
compiling Retarget.c...
compiling system_LPC17xx.c...
compiling Main.c...
compiling lcd_display.c...
Source Code\lcd_display.c(3): error:  #28: expression must have a constant value
Source Code\lcd_display.c(3): error:  #28: expression must have a constant value
Source Code\lcd_display.c(12): error:  #28: expression must have a constant value
compiling stat_display.c...
compiling game_state.c...
compiling led.c...
compiling joystick.c...
compiling potentiometer.c...
compiling timer.c...
compiling GLCD_Scroll.c...
compiling GLCD_SPI_LPC1700.c...
Target not created
Rebuild target 'Target 1'
assembling startup_LPC17xx.s...
compiling RTX_config.c...
compiling uart.c...
compiling Retarget.c...
compiling system_LPC17xx.c...
compiling Main.c...
Source Code\Main.c(105): error:  #140: too many arguments in function call
Source Code\Main.c(138): error:  #140: too many arguments in function call
Source Code\Main.c(139): error:  #140: too many arguments in function call
Source Code\Main.c(189): error:  #140: too many arguments in function call
Source Code\Main.c(208): error:  #140: too many arguments in function call
compiling lcd_display.c...
Source Code\lcd_display.c(8): error:  #147-D: declaration is incompatible with "void draw_to_LCD(char, U32)" (declared at line 11 of "Source Code\lcd_display.h")
Source Code\lcd_display.c(10): error:  #28: expression must have a constant value
Source Code\lcd_display.c(19): error:  #20: identifier "sizet" is undefined
compiling stat_display.c...
compiling game_state.c...
compiling led.c...
compiling joystick.c...
compiling potentiometer.c...
compiling timer.c...
compiling GLCD_Scroll.c...
compiling GLCD_SPI_LPC1700.c...
Target not created
Build target 'Target 1'
compiling Main.c...
Source Code\Main.c(106): error:  #140: too many arguments in function call
Source Code\Main.c(140): error:  #140: too many arguments in function call
Source Code\Main.c(141): error:  #140: too many arguments in function call
Source Code\Main.c(193): error:  #140: too many arguments in function call
Source Code\Main.c(212): error:  #140: too many arguments in function call
compiling lcd_display.c...
Source Code\lcd_display.c(8): error:  #147-D: declaration is incompatible with "void draw_to_LCD(char, U32)" (declared at line 11 of "Source Code\lcd_display.h")
Source Code\lcd_display.c(10): error:  #28: expression must have a constant value
Source Code\lcd_display.c(19): error:  #20: identifier "sizet" is undefined
Target not created
Rebuild target 'Target 1'
assembling startup_LPC17xx.s...
compiling RTX_config.c...
compiling uart.c...
compiling Retarget.c...
compiling system_LPC17xx.c...
compiling Main.c...
compiling lcd_display.c...
Source Code\lcd_display.c(10): error:  #28: expression must have a constant value
compiling stat_display.c...
compiling game_state.c...
Source Code\game_state.c(55): error:  #165: too few arguments in function call
Source Code\game_state.c(56): error:  #165: too few arguments in function call
compiling led.c...
compiling joystick.c...
compiling potentiometer.c...
compiling timer.c...
compiling GLCD_Scroll.c...
compiling GLCD_SPI_LPC1700.c...
Target not created
Build target 'Target 1'
compiling lcd_display.c...
Source Code\lcd_display.c(10): error:  #28: expression must have a constant value
compiling game_state.c...
Target not created
Rebuild target 'Target 1'
assembling startup_LPC17xx.s...
compiling RTX_config.c...
compiling uart.c...
compiling Retarget.c...
compiling system_LPC17xx.c...
compiling Main.c...
compiling lcd_display.c...
Source Code\lcd_display.c(27): error:  #20: identifier "display_bitmap" is undefined
Source Code\lcd_display.c(30): error:  #20: identifier "display_bitmap" is undefined
Source Code\lcd_display.c(34): error:  #20: identifier "display_bitmap" is undefined
compiling stat_display.c...
compiling game_state.c...
compiling led.c...
compiling joystick.c...
compiling potentiometer.c...
compiling timer.c...
compiling GLCD_Scroll.c...
compiling GLCD_SPI_LPC1700.c...
Target not created
Rebuild target 'Target 1'
assembling startup_LPC17xx.s...
compiling RTX_config.c...
compiling uart.c...
compiling Retarget.c...
compiling system_LPC17xx.c...
compiling Main.c...
compiling lcd_display.c...
compiling stat_display.c...
compiling game_state.c...
compiling led.c...
compiling joystick.c...
compiling potentiometer.c...
compiling timer.c...
compiling GLCD_Scroll.c...
compiling GLCD_SPI_LPC1700.c...
linking...
Program Size: Code=12372 RO-data=6572 RW-data=148 ZI-data=12528  
"Project4.axf" - 0 Error(s), 0 Warning(s).
Load "N:\\MTE241\\Stacker\\Project4.AXF" 
Erase Done.
Programming Done.
Verify OK.
Rebuild target 'Target 1'
assembling startup_LPC17xx.s...
compiling RTX_config.c...
compiling uart.c...
compiling Retarget.c...
compiling system_LPC17xx.c...
compiling Main.c...
compiling lcd_display.c...
compiling stat_display.c...
compiling game_state.c...
compiling led.c...
compiling joystick.c...
compiling potentiometer.c...
compiling timer.c...
compiling GLCD_Scroll.c...
compiling GLCD_SPI_LPC1700.c...
linking...
Program Size: Code=12372 RO-data=6572 RW-data=148 ZI-data=12528  
"Project4.axf" - 0 Error(s), 0 Warning(s).
Load "N:\\MTE241\\Stacker\\Project4.AXF" 
Erase Done.
Programming Done.
Verify OK.
Build target 'Target 1'
compiling Main.c...
compiling lcd_display.c...
compiling game_state.c...
compiling joystick.c...
linking...
Program Size: Code=12368 RO-data=6572 RW-data=148 ZI-data=12528  
"Project4.axf" - 0 Error(s), 0 Warning(s).
Load "N:\\MTE241\\Stacker\\Project4.AXF" 
Erase Done.
Programming Done.
Verify OK.
Rebuild target 'Target 1'
assembling startup_LPC17xx.s...
compiling RTX_config.c...
compiling uart.c...
compiling Retarget.c...
compiling system_LPC17xx.c...
compiling Main.c...
compiling lcd_display.c...
compiling stat_display.c...
compiling game_state.c...
compiling led.c...
compiling joystick.c...
compiling potentiometer.c...
compiling timer.c...
compiling GLCD_Scroll.c...
compiling GLCD_SPI_LPC1700.c...
linking...
Program Size: Code=12372 RO-data=6572 RW-data=148 ZI-data=12528  
"Project4.axf" - 0 Error(s), 0 Warning(s).
Load "N:\\MTE241\\Stacker\\Project4.AXF" 
Erase Done.
Programming Done.
Verify OK.
Rebuild target 'Target 1'
assembling startup_LPC17xx.s...
compiling RTX_config.c...
compiling uart.c...
compiling Retarget.c...
compiling system_LPC17xx.c...
compiling Main.c...
compiling lcd_display.c...
compiling stat_display.c...
compiling game_state.c...
compiling led.c...
compiling joystick.c...
compiling potentiometer.c...
compiling timer.c...
compiling GLCD_Scroll.c...
compiling GLCD_SPI_LPC1700.c...
linking...
Program Size: Code=12364 RO-data=6572 RW-data=148 ZI-data=12528  
"Project4.axf" - 0 Error(s), 0 Warning(s).
Build target 'Target 1'
compiling Main.c...
linking...
Program Size: Code=12364 RO-data=6572 RW-data=148 ZI-data=12528  
"Project4.axf" - 0 Error(s), 0 Warning(s).
Load "N:\\MTE241\\Stacker\\Project4.AXF" 
Erase Done.
Programming Done.
Verify OK.
Build target 'Target 1'
compiling lcd_display.c...
linking...
Program Size: Code=12364 RO-data=6572 RW-data=148 ZI-data=12528  
"Project4.axf" - 0 Error(s), 0 Warning(s).
Load "N:\\MTE241\\Stacker\\Project4.AXF" 
Erase Done.
Programming Done.
Verify OK.
Build target 'Target 1'
compiling Main.c...
compiling lcd_display.c...
compiling game_state.c...
Source Code\game_state.c(29): error:  #136: struct "stack" has no field "top_row"
compiling joystick.c...
Target not created
Rebuild target 'Target 1'
assembling startup_LPC17xx.s...
compiling RTX_config.c...
compiling uart.c...
compiling Retarget.c...
compiling system_LPC17xx.c...
compiling Main.c...
Source Code\Main.c(110): warning:  #186-D: pointless comparison of unsigned integer with zero
Source Code\Main.c(123): warning:  #186-D: pointless comparison of unsigned integer with zero
compiling lcd_display.c...
compiling stat_display.c...
compiling game_state.c...
Source Code\game_state.c(29): error:  #136: struct "stack" has no field "top_row"
compiling led.c...
compiling joystick.c...
compiling potentiometer.c...
compiling timer.c...
compiling GLCD_Scroll.c...
compiling GLCD_SPI_LPC1700.c...
Target not created
Rebuild target 'Target 1'
assembling startup_LPC17xx.s...
compiling RTX_config.c...
compiling uart.c...
compiling Retarget.c...
compiling system_LPC17xx.c...
compiling Main.c...
Source Code\Main.c(107): warning:  #186-D: pointless comparison of unsigned integer with zero
Source Code\Main.c(120): warning:  #186-D: pointless comparison of unsigned integer with zero
compiling lcd_display.c...
compiling stat_display.c...
compiling game_state.c...
Source Code\game_state.c(29): error:  #136: struct "stack" has no field "top_row"
compiling led.c...
compiling joystick.c...
compiling potentiometer.c...
compiling timer.c...
compiling GLCD_Scroll.c...
compiling GLCD_SPI_LPC1700.c...
Target not created
Rebuild target 'Target 1'
assembling startup_LPC17xx.s...
compiling RTX_config.c...
compiling uart.c...
compiling Retarget.c...
compiling system_LPC17xx.c...
compiling Main.c...
compiling lcd_display.c...
compiling stat_display.c...
compiling game_state.c...
Source Code\game_state.c(29): error:  #20: identifier "blokc" is undefined
compiling led.c...
compiling joystick.c...
compiling potentiometer.c...
compiling timer.c...
compiling GLCD_Scroll.c...
compiling GLCD_SPI_LPC1700.c...
Target not created
Build target 'Target 1'
compiling game_state.c...
Source Code\game_state.c(29): error:  #136: struct "block" has no field "setblock"
Target not created
Build target 'Target 1'
compiling game_state.c...
linking...
Program Size: Code=12216 RO-data=6572 RW-data=148 ZI-data=12528  
"Project4.axf" - 0 Error(s), 0 Warning(s).
Rebuild target 'Target 1'
assembling startup_LPC17xx.s...
compiling RTX_config.c...
compiling uart.c...
compiling Retarget.c...
compiling system_LPC17xx.c...
compiling Main.c...
compiling lcd_display.c...
compiling stat_display.c...
compiling game_state.c...
compiling led.c...
compiling joystick.c...
compiling potentiometer.c...
compiling timer.c...
compiling GLCD_Scroll.c...
compiling GLCD_SPI_LPC1700.c...
linking...
Program Size: Code=12216 RO-data=6572 RW-data=148 ZI-data=12528  
"Project4.axf" - 0 Error(s), 0 Warning(s).
Load "N:\\MTE241\\Stacker\\Project4.AXF" 
Erase Done.
Programming Done.
Verify OK.
Build target 'Target 1'
compiling game_state.c...
linking...
Program Size: Code=12188 RO-data=6572 RW-data=148 ZI-data=12528  
"Project4.axf" - 0 Error(s), 0 Warning(s).
Load "N:\\MTE241\\Stacker\\Project4.AXF" 
Erase Done.
Programming Done.
Verify OK.
Rebuild target 'Target 1'
assembling startup_LPC17xx.s...
compiling RTX_config.c...
compiling uart.c...
compiling Retarget.c...
compiling system_LPC17xx.c...
compiling Main.c...
compiling lcd_display.c...
compiling stat_display.c...
compiling game_state.c...
compiling led.c...
compiling joystick.c...
compiling potentiometer.c...
compiling timer.c...
compiling GLCD_Scroll.c...
compiling GLCD_SPI_LPC1700.c...
linking...
Program Size: Code=12188 RO-data=6572 RW-data=148 ZI-data=12528  
"Project4.axf" - 0 Error(s), 0 Warning(s).
Rebuild target 'Target 1'
assembling startup_LPC17xx.s...
compiling RTX_config.c...
compiling uart.c...
compiling Retarget.c...
compiling system_LPC17xx.c...
compiling Main.c...
compiling lcd_display.c...
compiling stat_display.c...
compiling game_state.c...
compiling led.c...
compiling joystick.c...
compiling potentiometer.c...
compiling timer.c...
compiling GLCD_Scroll.c...
compiling GLCD_SPI_LPC1700.c...
linking...
Program Size: Code=12192 RO-data=6572 RW-data=148 ZI-data=12528  
"Project4.axf" - 0 Error(s), 0 Warning(s).
Load "N:\\MTE241\\Stacker\\Project4.AXF" 
Erase Done.
Programming Done.
Verify OK.
Rebuild target 'Target 1'
assembling startup_LPC17xx.s...
compiling RTX_config.c...
compiling uart.c...
compiling Retarget.c...
compiling system_LPC17xx.c...
compiling Main.c...
compiling lcd_display.c...
compiling stat_display.c...
compiling game_state.c...
compiling led.c...
compiling joystick.c...
compiling potentiometer.c...
compiling timer.c...
compiling GLCD_Scroll.c...
compiling GLCD_SPI_LPC1700.c...
linking...
Program Size: Code=12188 RO-data=6572 RW-data=148 ZI-data=12528  
"Project4.axf" - 0 Error(s), 0 Warning(s).
Load "N:\\MTE241\\Stacker\\Project4.AXF" 
Erase Done.
Programming Done.
Verify OK.
Build target 'Target 1'
compiling Main.c...
linking...
Program Size: Code=12184 RO-data=6572 RW-data=148 ZI-data=12528  
"Project4.axf" - 0 Error(s), 0 Warning(s).
Load "N:\\MTE241\\Stacker\\Project4.AXF" 
Erase Done.
Programming Done.
Verify OK.
Rebuild target 'Target 1'
assembling startup_LPC17xx.s...
compiling RTX_config.c...
compiling uart.c...
compiling Retarget.c...
compiling system_LPC17xx.c...
compiling Main.c...
compiling lcd_display.c...
compiling stat_display.c...
compiling game_state.c...
compiling led.c...
compiling joystick.c...
compiling potentiometer.c...
compiling timer.c...
compiling GLCD_Scroll.c...
compiling GLCD_SPI_LPC1700.c...
linking...
Program Size: Code=12212 RO-data=6572 RW-data=148 ZI-data=12528  
"Project4.axf" - 0 Error(s), 0 Warning(s).
Load "N:\\MTE241\\Stacker\\Project4.AXF" 
Erase Done.
Programming Done.
Verify OK.
Rebuild target 'Target 1'
assembling startup_LPC17xx.s...
compiling RTX_config.c...
compiling uart.c...
compiling Retarget.c...
compiling system_LPC17xx.c...
compiling Main.c...
compiling lcd_display.c...
compiling stat_display.c...
compiling game_state.c...
compiling led.c...
compiling joystick.c...
compiling potentiometer.c...
compiling timer.c...
compiling GLCD_Scroll.c...
compiling GLCD_SPI_LPC1700.c...
linking...
Program Size: Code=12212 RO-data=6572 RW-data=148 ZI-data=12528  
"Project4.axf" - 0 Error(s), 0 Warning(s).
Rebuild target 'Target 1'
assembling startup_LPC17xx.s...
compiling RTX_config.c...
compiling uart.c...
compiling Retarget.c...
compiling system_LPC17xx.c...
compiling Main.c...
compiling lcd_display.c...
compiling stat_display.c...
compiling game_state.c...
compiling led.c...
compiling joystick.c...
compiling potentiometer.c...
compiling timer.c...
compiling GLCD_Scroll.c...
compiling GLCD_SPI_LPC1700.c...
linking...
Program Size: Code=12212 RO-data=6572 RW-data=148 ZI-data=12528  
"Project4.axf" - 0 Error(s), 0 Warning(s).
Load "N:\\MTE241\\Stacker\\Project4.AXF" 
Erase Done.
Programming Done.
Verify OK.
Rebuild target 'Target 1'
assembling startup_LPC17xx.s...
compiling RTX_config.c...
compiling uart.c...
compiling Retarget.c...
compiling system_LPC17xx.c...
compiling Main.c...
compiling lcd_display.c...
compiling stat_display.c...
compiling game_state.c...
compiling led.c...
compiling joystick.c...
compiling potentiometer.c...
compiling timer.c...
compiling GLCD_Scroll.c...
compiling GLCD_SPI_LPC1700.c...
linking...
Program Size: Code=12216 RO-data=6572 RW-data=148 ZI-data=12528  
"Project4.axf" - 0 Error(s), 0 Warning(s).
Load "N:\\MTE241\\Stacker\\Project4.AXF" 
Erase Done.
Programming Done.
Verify OK.
Build target 'Target 1'
compiling Main.c...
linking...
Program Size: Code=12216 RO-data=6572 RW-data=148 ZI-data=12528  
"Project4.axf" - 0 Error(s), 0 Warning(s).
Load "N:\\MTE241\\Stacker\\Project4.AXF" 
Erase Done.
Programming Done.
Verify OK.
Rebuild target 'Target 1'
assembling startup_LPC17xx.s...
compiling RTX_config.c...
compiling uart.c...
compiling Retarget.c...
compiling system_LPC17xx.c...
compiling Main.c...
compiling lcd_display.c...
compiling stat_display.c...
compiling game_state.c...
compiling led.c...
compiling joystick.c...
compiling potentiometer.c...
compiling timer.c...
compiling GLCD_Scroll.c...
compiling GLCD_SPI_LPC1700.c...
linking...
Program Size: Code=12216 RO-data=6572 RW-data=148 ZI-data=12528  
"Project4.axf" - 0 Error(s), 0 Warning(s).
Load "N:\\MTE241\\Stacker\\Project4.AXF" 
Erase Done.
Programming Done.
Verify OK.
Build target 'Target 1'
compiling Main.c...
linking...
Program Size: Code=12216 RO-data=6572 RW-data=148 ZI-data=12528  
"Project4.axf" - 0 Error(s), 0 Warning(s).
Load "N:\\MTE241\\Stacker\\Project4.AXF" 
Erase Done.
Programming Done.
Verify OK.
Build target 'Target 1'
compiling Main.c...
linking...
Program Size: Code=12216 RO-data=6572 RW-data=148 ZI-data=12528  
"Project4.axf" - 0 Error(s), 0 Warning(s).
Load "N:\\MTE241\\Stacker\\Project4.AXF" 
Erase Done.
Programming Done.
Verify OK.
