<html>
<body>
<pre>
<h1>µVision Build Log</h1>
<h2>Project:</h2>
N:\MTE241\Stacker\Project4.uvproj
Project File Date:  07/17/2017

<h2>Output:</h2>
Rebuild target 'Target 1'
assembling startup_LPC17xx.s...
compiling RTX_config.c...
compiling uart.c...
compiling Retarget.c...
compiling system_LPC17xx.c...
compiling Main.c...
compiling lcd_display.c...
Source Code\lcd_display.c(30): error:  #20: identifier "__FI" is undefined
compiling stat_display.c...
compiling game_state.c...
compiling led.c...
compiling joystick.c...
compiling potentiometer.c...
compiling timer.c...
compiling GLCD_Scroll.c...
compiling GLCD_SPI_LPC1700.c...
Target not created
Load "N:\\MTE241\\Stacker\\Project4.AXF" 
_____^
*** error 56: cannot open file
Build target 'Target 1'
compiling lcd_display.c...
Source Code\lcd_display.c(30): error:  #20: identifier "__FI" is undefined
Target not created
Build target 'Target 1'
compiling lcd_display.c...
linking...
Program Size: Code=12728 RO-data=6572 RW-data=156 ZI-data=13092  
"Project4.axf" - 0 Error(s), 0 Warning(s).
Load "N:\\MTE241\\Stacker\\Project4.AXF" 
Erase Done.
Programming Done.
Verify OK.
Build target 'Target 1'
compiling lcd_display.c...
linking...
Program Size: Code=12728 RO-data=6572 RW-data=156 ZI-data=13092  
"Project4.axf" - 0 Error(s), 0 Warning(s).
Load "N:\\MTE241\\Stacker\\Project4.AXF" 
Erase Done.
Programming Done.
Verify OK.
Load "N:\\MTE241\\Stacker\\Project4.AXF" 
Erase Done.
Programming Done.
Verify OK.
Build target 'Target 1'
compiling lcd_display.c...
linking...
Program Size: Code=12728 RO-data=6572 RW-data=156 ZI-data=13092  
"Project4.axf" - 0 Error(s), 0 Warning(s).
Load "N:\\MTE241\\Stacker\\Project4.AXF" 
Erase Done.
Programming Done.
Verify OK.
Rebuild target 'Target 1'
assembling startup_LPC17xx.s...
compiling RTX_config.c...
compiling uart.c...
compiling Retarget.c...
compiling system_LPC17xx.c...
compiling Main.c...
compiling lcd_display.c...
compiling stat_display.c...
compiling game_state.c...
compiling led.c...
compiling joystick.c...
compiling potentiometer.c...
compiling timer.c...
compiling GLCD_Scroll.c...
compiling GLCD_SPI_LPC1700.c...
linking...
Program Size: Code=12728 RO-data=6572 RW-data=156 ZI-data=13092  
"Project4.axf" - 0 Error(s), 0 Warning(s).
Load "N:\\MTE241\\Stacker\\Project4.AXF" 
Erase Done.
Programming Done.
Verify OK.
Build target 'Target 1'
compiling Main.c...
linking...
Program Size: Code=12728 RO-data=6572 RW-data=156 ZI-data=13092  
"Project4.axf" - 0 Error(s), 0 Warning(s).
Load "N:\\MTE241\\Stacker\\Project4.AXF" 
Erase Done.
Programming Done.
Verify OK.
Build target 'Target 1'
compiling Main.c...
Source Code\Main.c(114): error:  #136: struct "stack" has no field "speed"
Source Code\Main.c(130): error:  #136: struct "stack" has no field "speed"
compiling lcd_display.c...
compiling game_state.c...
compiling joystick.c...
Target not created
Build target 'Target 1'
compiling Main.c...
linking...
Program Size: Code=12720 RO-data=6572 RW-data=160 ZI-data=13088  
"Project4.axf" - 0 Error(s), 0 Warning(s).
Load "N:\\MTE241\\Stacker\\Project4.AXF" 
Erase Done.
Programming Done.
Verify OK.
Rebuild target 'Target 1'
assembling startup_LPC17xx.s...
compiling RTX_config.c...
compiling uart.c...
compiling Retarget.c...
compiling system_LPC17xx.c...
compiling Main.c...
compiling lcd_display.c...
compiling game_state.c...
compiling led.c...
compiling joystick.c...
compiling potentiometer.c...
compiling timer.c...
compiling GLCD_Scroll.c...
compiling GLCD_SPI_LPC1700.c...
linking...
Program Size: Code=12736 RO-data=6572 RW-data=160 ZI-data=13088  
"Project4.axf" - 0 Error(s), 0 Warning(s).
Load "N:\\MTE241\\Stacker\\Project4.AXF" 
Erase Done.
Programming Done.
Verify OK.
Rebuild target 'Target 1'
assembling startup_LPC17xx.s...
compiling RTX_config.c...
compiling uart.c...
compiling Retarget.c...
compiling system_LPC17xx.c...
compiling Main.c...
Source Code\Main.c(61): warning:  #223-D: function "draw_stat" declared implicitly
Source Code\Main.c(67): warning:  #223-D: function "draw_stat" declared implicitly
Source Code\Main.c(76): warning:  #223-D: function "draw_stat" declared implicitly
compiling lcd_display.c...
Source Code\lcd_display.c(40): warning:  #223-D: function "sprintf" declared implicitly
Source Code\lcd_display.c(44): warning:  #223-D: function "sprintf" declared implicitly
compiling game_state.c...
compiling led.c...
compiling joystick.c...
compiling potentiometer.c...
compiling timer.c...
compiling GLCD_Scroll.c...
compiling GLCD_SPI_LPC1700.c...
linking...
Program Size: Code=12908 RO-data=6572 RW-data=160 ZI-data=13088  
"Project4.axf" - 0 Error(s), 5 Warning(s).
Rebuild target 'Target 1'
assembling startup_LPC17xx.s...
compiling RTX_config.c...
compiling uart.c...
compiling Retarget.c...
compiling system_LPC17xx.c...
compiling Main.c...
compiling lcd_display.c...
Source Code\lcd_display.c(40): warning:  #223-D: function "sprintf" declared implicitly
Source Code\lcd_display.c(44): warning:  #223-D: function "sprintf" declared implicitly
compiling game_state.c...
compiling led.c...
compiling joystick.c...
compiling potentiometer.c...
compiling timer.c...
compiling GLCD_Scroll.c...
compiling GLCD_SPI_LPC1700.c...
linking...
Program Size: Code=12908 RO-data=6572 RW-data=160 ZI-data=13088  
"Project4.axf" - 0 Error(s), 2 Warning(s).
Rebuild target 'Target 1'
assembling startup_LPC17xx.s...
compiling RTX_config.c...
compiling uart.c...
compiling Retarget.c...
compiling system_LPC17xx.c...
compiling Main.c...
compiling lcd_display.c...
Source Code\lcd_display.c(40): warning:  #223-D: function "sprintf" declared implicitly
Source Code\lcd_display.c(44): warning:  #223-D: function "sprintf" declared implicitly
compiling game_state.c...
compiling led.c...
compiling joystick.c...
compiling potentiometer.c...
compiling timer.c...
compiling GLCD_Scroll.c...
compiling GLCD_SPI_LPC1700.c...
linking...
Program Size: Code=12908 RO-data=6572 RW-data=160 ZI-data=13088  
"Project4.axf" - 0 Error(s), 2 Warning(s).
Build target 'Target 1'
compiling Main.c...
compiling lcd_display.c...
Source Code\lcd_display.c(40): warning:  #167-D: argument of type "unsigned char *" is incompatible with parameter of type "char *restrict"
Source Code\lcd_display.c(44): warning:  #167-D: argument of type "unsigned char *" is incompatible with parameter of type "char *restrict"
compiling game_state.c...
compiling joystick.c...
linking...
Program Size: Code=12908 RO-data=6572 RW-data=160 ZI-data=13088  
"Project4.axf" - 0 Error(s), 2 Warning(s).
Rebuild target 'Target 1'
assembling startup_LPC17xx.s...
compiling RTX_config.c...
compiling uart.c...
compiling Retarget.c...
compiling system_LPC17xx.c...
compiling Main.c...
compiling lcd_display.c...
Source Code\lcd_display.c(40): warning:  #167-D: argument of type "unsigned char *" is incompatible with parameter of type "char *restrict"
Source Code\lcd_display.c(44): warning:  #167-D: argument of type "unsigned char *" is incompatible with parameter of type "char *restrict"
compiling game_state.c...
compiling led.c...
compiling joystick.c...
compiling potentiometer.c...
compiling timer.c...
compiling GLCD_Scroll.c...
compiling GLCD_SPI_LPC1700.c...
linking...
Program Size: Code=12908 RO-data=6572 RW-data=160 ZI-data=13088  
"Project4.axf" - 0 Error(s), 2 Warning(s).
Load "N:\\MTE241\\Stacker\\Project4.AXF" 
Erase Done.
Programming Done.
Verify OK.
Build target 'Target 1'
compiling lcd_display.c...
Source Code\lcd_display.c(40): warning:  #167-D: argument of type "unsigned char *" is incompatible with parameter of type "char *restrict"
Source Code\lcd_display.c(44): warning:  #167-D: argument of type "unsigned char *" is incompatible with parameter of type "char *restrict"
linking...
Program Size: Code=12908 RO-data=6572 RW-data=160 ZI-data=13088  
"Project4.axf" - 0 Error(s), 2 Warning(s).
Load "N:\\MTE241\\Stacker\\Project4.AXF" 
Erase Done.
Programming Done.
Verify OK.
Rebuild target 'Target 1'
assembling startup_LPC17xx.s...
compiling RTX_config.c...
compiling uart.c...
compiling Retarget.c...
compiling system_LPC17xx.c...
compiling Main.c...
compiling lcd_display.c...
Source Code\lcd_display.c(45): warning:  #167-D: argument of type "unsigned char *" is incompatible with parameter of type "char *restrict"
Source Code\lcd_display.c(50): warning:  #167-D: argument of type "unsigned char *" is incompatible with parameter of type "char *restrict"
Source Code\lcd_display.c(54): warning:  #167-D: argument of type "unsigned char *" is incompatible with parameter of type "char *restrict"
compiling game_state.c...
compiling led.c...
compiling joystick.c...
compiling potentiometer.c...
compiling timer.c...
compiling GLCD_Scroll.c...
compiling GLCD_SPI_LPC1700.c...
linking...
Program Size: Code=12984 RO-data=6572 RW-data=160 ZI-data=13088  
"Project4.axf" - 0 Error(s), 3 Warning(s).
Build target 'Target 1'
compiling lcd_display.c...
Source Code\lcd_display.c(45): warning:  #167-D: argument of type "unsigned char *" is incompatible with parameter of type "char *restrict"
Source Code\lcd_display.c(50): warning:  #167-D: argument of type "unsigned char *" is incompatible with parameter of type "char *restrict"
Source Code\lcd_display.c(54): warning:  #167-D: argument of type "unsigned char *" is incompatible with parameter of type "char *restrict"
linking...
Program Size: Code=12984 RO-data=6572 RW-data=160 ZI-data=13088  
"Project4.axf" - 0 Error(s), 3 Warning(s).
Load "N:\\MTE241\\Stacker\\Project4.AXF" 
Erase Done.
Programming Done.
Verify OK.
Build target 'Target 1'
compiling Main.c...
linking...
Program Size: Code=12984 RO-data=6572 RW-data=160 ZI-data=13088  
"Project4.axf" - 0 Error(s), 0 Warning(s).
Load "N:\\MTE241\\Stacker\\Project4.AXF" 
Erase Done.
Programming Done.
Verify OK.
Build target 'Target 1'
compiling lcd_display.c...
Source Code\lcd_display.c(45): warning:  #167-D: argument of type "unsigned char *" is incompatible with parameter of type "char *restrict"
Source Code\lcd_display.c(50): warning:  #167-D: argument of type "unsigned char *" is incompatible with parameter of type "char *restrict"
Source Code\lcd_display.c(54): warning:  #167-D: argument of type "unsigned char *" is incompatible with parameter of type "char *restrict"
linking...
Program Size: Code=12984 RO-data=6572 RW-data=160 ZI-data=13088  
"Project4.axf" - 0 Error(s), 3 Warning(s).
Load "N:\\MTE241\\Stacker\\Project4.AXF" 
Erase Done.
Programming Done.
Verify OK.
Build target 'Target 1'
compiling lcd_display.c...
Source Code\lcd_display.c(45): warning:  #167-D: argument of type "unsigned char *" is incompatible with parameter of type "char *restrict"
Source Code\lcd_display.c(50): warning:  #167-D: argument of type "unsigned char *" is incompatible with parameter of type "char *restrict"
Source Code\lcd_display.c(54): warning:  #167-D: argument of type "unsigned char *" is incompatible with parameter of type "char *restrict"
linking...
Program Size: Code=12984 RO-data=6572 RW-data=160 ZI-data=13088  
"Project4.axf" - 0 Error(s), 3 Warning(s).
Load "N:\\MTE241\\Stacker\\Project4.AXF" 
Erase Done.
Programming Done.
Verify OK.
Build target 'Target 1'
compiling lcd_display.c...
Source Code\lcd_display.c(45): warning:  #167-D: argument of type "unsigned char *" is incompatible with parameter of type "char *restrict"
Source Code\lcd_display.c(50): warning:  #167-D: argument of type "unsigned char *" is incompatible with parameter of type "char *restrict"
Source Code\lcd_display.c(54): warning:  #167-D: argument of type "unsigned char *" is incompatible with parameter of type "char *restrict"
linking...
Program Size: Code=12984 RO-data=6572 RW-data=160 ZI-data=13088  
"Project4.axf" - 0 Error(s), 3 Warning(s).
Load "N:\\MTE241\\Stacker\\Project4.AXF" 
Erase Done.
Programming Done.
Verify OK.
Build target 'Target 1'
compiling lcd_display.c...
Source Code\lcd_display.c(45): warning:  #167-D: argument of type "unsigned char *" is incompatible with parameter of type "char *restrict"
Source Code\lcd_display.c(50): warning:  #167-D: argument of type "unsigned char *" is incompatible with parameter of type "char *restrict"
Source Code\lcd_display.c(54): warning:  #167-D: argument of type "unsigned char *" is incompatible with parameter of type "char *restrict"
linking...
Program Size: Code=12984 RO-data=6572 RW-data=160 ZI-data=13088  
"Project4.axf" - 0 Error(s), 3 Warning(s).
Load "N:\\MTE241\\Stacker\\Project4.AXF" 
Erase Done.
Programming Done.
Verify OK.
Build target 'Target 1'
compiling lcd_display.c...
Source Code\lcd_display.c(45): warning:  #167-D: argument of type "unsigned char *" is incompatible with parameter of type "char *restrict"
Source Code\lcd_display.c(50): warning:  #167-D: argument of type "unsigned char *" is incompatible with parameter of type "char *restrict"
Source Code\lcd_display.c(54): warning:  #167-D: argument of type "unsigned char *" is incompatible with parameter of type "char *restrict"
linking...
Program Size: Code=12984 RO-data=6572 RW-data=160 ZI-data=13088  
"Project4.axf" - 0 Error(s), 3 Warning(s).
Build target 'Target 1'
compiling lcd_display.c...
Source Code\lcd_display.c(45): warning:  #167-D: argument of type "unsigned char *" is incompatible with parameter of type "char *restrict"
Source Code\lcd_display.c(50): warning:  #167-D: argument of type "unsigned char *" is incompatible with parameter of type "char *restrict"
Source Code\lcd_display.c(54): warning:  #167-D: argument of type "unsigned char *" is incompatible with parameter of type "char *restrict"
linking...
Program Size: Code=12984 RO-data=6572 RW-data=160 ZI-data=13088  
"Project4.axf" - 0 Error(s), 3 Warning(s).
Load "N:\\MTE241\\Stacker\\Project4.AXF" 
Erase Done.
Programming Done.
Verify OK.
Build target 'Target 1'
compiling lcd_display.c...
Source Code\lcd_display.c(45): warning:  #167-D: argument of type "unsigned char *" is incompatible with parameter of type "char *restrict"
Source Code\lcd_display.c(50): warning:  #167-D: argument of type "unsigned char *" is incompatible with parameter of type "char *restrict"
Source Code\lcd_display.c(54): warning:  #167-D: argument of type "unsigned char *" is incompatible with parameter of type "char *restrict"
linking...
Program Size: Code=12980 RO-data=6572 RW-data=160 ZI-data=13088  
"Project4.axf" - 0 Error(s), 3 Warning(s).
Load "N:\\MTE241\\Stacker\\Project4.AXF" 
Erase Done.
Programming Done.
Verify OK.
Build target 'Target 1'
compiling Main.c...
compiling lcd_display.c...
Source Code\lcd_display.c(45): warning:  #167-D: argument of type "unsigned char *" is incompatible with parameter of type "char *restrict"
Source Code\lcd_display.c(50): warning:  #167-D: argument of type "unsigned char *" is incompatible with parameter of type "char *restrict"
Source Code\lcd_display.c(54): warning:  #167-D: argument of type "unsigned char *" is incompatible with parameter of type "char *restrict"
compiling game_state.c...
compiling joystick.c...
linking...
Program Size: Code=12976 RO-data=6572 RW-data=160 ZI-data=13088  
"Project4.axf" - 0 Error(s), 3 Warning(s).
Load "N:\\MTE241\\Stacker\\Project4.AXF" 
Erase Done.
Programming Done.
Verify OK.
Rebuild target 'Target 1'
assembling startup_LPC17xx.s...
compiling RTX_config.c...
compiling uart.c...
compiling Retarget.c...
compiling system_LPC17xx.c...
compiling Main.c...
compiling lcd_display.c...
Source Code\lcd_display.c(45): warning:  #167-D: argument of type "unsigned char *" is incompatible with parameter of type "char *restrict"
Source Code\lcd_display.c(50): warning:  #167-D: argument of type "unsigned char *" is incompatible with parameter of type "char *restrict"
Source Code\lcd_display.c(54): warning:  #167-D: argument of type "unsigned char *" is incompatible with parameter of type "char *restrict"
compiling game_state.c...
compiling led.c...
compiling joystick.c...
compiling potentiometer.c...
compiling timer.c...
compiling GLCD_Scroll.c...
compiling GLCD_SPI_LPC1700.c...
linking...
Program Size: Code=12976 RO-data=6572 RW-data=160 ZI-data=13088  
"Project4.axf" - 0 Error(s), 3 Warning(s).
Load "N:\\MTE241\\Stacker\\Project4.AXF" 
Erase Done.
Programming Done.
Verify OK.
Build target 'Target 1'
compiling lcd_display.c...
Source Code\lcd_display.c(47): warning:  #167-D: argument of type "unsigned char *" is incompatible with parameter of type "char *restrict"
Source Code\lcd_display.c(52): warning:  #167-D: argument of type "unsigned char *" is incompatible with parameter of type "char *restrict"
Source Code\lcd_display.c(56): warning:  #167-D: argument of type "unsigned char *" is incompatible with parameter of type "char *restrict"
linking...
Program Size: Code=12984 RO-data=6572 RW-data=160 ZI-data=13088  
"Project4.axf" - 0 Error(s), 3 Warning(s).
Rebuild target 'Target 1'
assembling startup_LPC17xx.s...
compiling RTX_config.c...
compiling uart.c...
compiling Retarget.c...
compiling system_LPC17xx.c...
compiling Main.c...
compiling lcd_display.c...
Source Code\lcd_display.c(47): warning:  #167-D: argument of type "unsigned char *" is incompatible with parameter of type "char *restrict"
Source Code\lcd_display.c(52): warning:  #167-D: argument of type "unsigned char *" is incompatible with parameter of type "char *restrict"
Source Code\lcd_display.c(56): warning:  #167-D: argument of type "unsigned char *" is incompatible with parameter of type "char *restrict"
compiling game_state.c...
compiling led.c...
compiling joystick.c...
compiling potentiometer.c...
compiling timer.c...
compiling GLCD_Scroll.c...
compiling GLCD_SPI_LPC1700.c...
linking...
Program Size: Code=12984 RO-data=6572 RW-data=160 ZI-data=13088  
"Project4.axf" - 0 Error(s), 3 Warning(s).
Load "N:\\MTE241\\Stacker\\Project4.AXF" 
Erase Done.
Programming Done.
Verify OK.
Build target 'Target 1'
compiling lcd_display.c...
Source Code\lcd_display.c(47): warning:  #167-D: argument of type "unsigned char *" is incompatible with parameter of type "char *restrict"
Source Code\lcd_display.c(52): warning:  #167-D: argument of type "unsigned char *" is incompatible with parameter of type "char *restrict"
Source Code\lcd_display.c(56): warning:  #167-D: argument of type "unsigned char *" is incompatible with parameter of type "char *restrict"
linking...
Program Size: Code=12984 RO-data=6572 RW-data=160 ZI-data=13088  
"Project4.axf" - 0 Error(s), 3 Warning(s).
Load "N:\\MTE241\\Stacker\\Project4.AXF" 
Erase Done.
Programming Done.
Verify OK.
Build target 'Target 1'
compiling Main.c...
compiling lcd_display.c...
Source Code\lcd_display.c(47): warning:  #167-D: argument of type "unsigned char *" is incompatible with parameter of type "char *restrict"
Source Code\lcd_display.c(52): warning:  #167-D: argument of type "unsigned char *" is incompatible with parameter of type "char *restrict"
Source Code\lcd_display.c(56): warning:  #167-D: argument of type "unsigned char *" is incompatible with parameter of type "char *restrict"
compiling game_state.c...
compiling joystick.c...
linking...
Program Size: Code=12984 RO-data=6572 RW-data=160 ZI-data=13088  
"Project4.axf" - 0 Error(s), 3 Warning(s).
Load "N:\\MTE241\\Stacker\\Project4.AXF" 
Erase Done.
Programming Done.
Verify OK.
Build target 'Target 1'
compiling lcd_display.c...
Source Code\lcd_display.c(47): warning:  #167-D: argument of type "unsigned char *" is incompatible with parameter of type "char *restrict"
Source Code\lcd_display.c(52): warning:  #167-D: argument of type "unsigned char *" is incompatible with parameter of type "char *restrict"
Source Code\lcd_display.c(56): warning:  #167-D: argument of type "unsigned char *" is incompatible with parameter of type "char *restrict"
linking...
Program Size: Code=12980 RO-data=6572 RW-data=160 ZI-data=13088  
"Project4.axf" - 0 Error(s), 3 Warning(s).
Load "N:\\MTE241\\Stacker\\Project4.AXF" 
Erase Done.
Programming Done.
Verify OK.
Build target 'Target 1'
compiling Main.c...
compiling lcd_display.c...
Source Code\lcd_display.c(46): warning:  #167-D: argument of type "unsigned char *" is incompatible with parameter of type "char *restrict"
Source Code\lcd_display.c(50): warning:  #167-D: argument of type "unsigned char *" is incompatible with parameter of type "char *restrict"
Source Code\lcd_display.c(54): warning:  #167-D: argument of type "unsigned char *" is incompatible with parameter of type "char *restrict"
linking...
Program Size: Code=12980 RO-data=6572 RW-data=156 ZI-data=13092  
"Project4.axf" - 0 Error(s), 3 Warning(s).
Load "N:\\MTE241\\Stacker\\Project4.AXF" 
Erase Done.
Programming Done.
Verify OK.
Load "N:\\MTE241\\Stacker\\Project4.AXF" 
Erase Done.
Programming Done.
Verify OK.
Rebuild target 'Target 1'
assembling startup_LPC17xx.s...
compiling RTX_config.c...
compiling uart.c...
compiling Retarget.c...
compiling system_LPC17xx.c...
compiling Main.c...
Source Code\Main.h(6): error:  #5: cannot open source input file "stat_display.h": No such file or directory
compiling lcd_display.c...
Source Code\lcd_display.c(46): warning:  #167-D: argument of type "unsigned char *" is incompatible with parameter of type "char *restrict"
Source Code\lcd_display.c(50): warning:  #167-D: argument of type "unsigned char *" is incompatible with parameter of type "char *restrict"
Source Code\lcd_display.c(54): warning:  #167-D: argument of type "unsigned char *" is incompatible with parameter of type "char *restrict"
compiling game_state.c...
Source Code\Main.h(6): error:  #5: cannot open source input file "stat_display.h": No such file or directory
compiling led.c...
compiling joystick.c...
Source Code\Main.h(6): error:  #5: cannot open source input file "stat_display.h": No such file or directory
compiling potentiometer.c...
compiling timer.c...
compiling GLCD_Scroll.c...
compiling GLCD_SPI_LPC1700.c...
Target not created
Load "N:\\MTE241\\Stacker\\Project4.AXF" 
_____^
*** error 56: cannot open file
Rebuild target 'Target 1'
assembling startup_LPC17xx.s...
compiling RTX_config.c...
compiling uart.c...
compiling Retarget.c...
compiling system_LPC17xx.c...
compiling Main.c...
Source Code\Main.h(6): error:  #5: cannot open source input file "stat_display.h": No such file or directory
compiling lcd_display.c...
Source Code\lcd_display.c(46): warning:  #167-D: argument of type "unsigned char *" is incompatible with parameter of type "char *restrict"
Source Code\lcd_display.c(50): warning:  #167-D: argument of type "unsigned char *" is incompatible with parameter of type "char *restrict"
Source Code\lcd_display.c(54): warning:  #167-D: argument of type "unsigned char *" is incompatible with parameter of type "char *restrict"
compiling game_state.c...
Source Code\Main.h(6): error:  #5: cannot open source input file "stat_display.h": No such file or directory
compiling led.c...
compiling joystick.c...
Source Code\Main.h(6): error:  #5: cannot open source input file "stat_display.h": No such file or directory
compiling potentiometer.c...
compiling timer.c...
compiling GLCD_Scroll.c...
compiling GLCD_SPI_LPC1700.c...
Target not created
Rebuild target 'Target 1'
assembling startup_LPC17xx.s...
compiling RTX_config.c...
compiling uart.c...
compiling Retarget.c...
compiling system_LPC17xx.c...
compiling Main.c...
compiling lcd_display.c...
Source Code\lcd_display.c(46): warning:  #167-D: argument of type "unsigned char *" is incompatible with parameter of type "char *restrict"
Source Code\lcd_display.c(50): warning:  #167-D: argument of type "unsigned char *" is incompatible with parameter of type "char *restrict"
Source Code\lcd_display.c(54): warning:  #167-D: argument of type "unsigned char *" is incompatible with parameter of type "char *restrict"
compiling game_state.c...
compiling led.c...
compiling joystick.c...
compiling potentiometer.c...
compiling timer.c...
compiling GLCD_Scroll.c...
compiling GLCD_SPI_LPC1700.c...
linking...
Program Size: Code=12980 RO-data=6572 RW-data=156 ZI-data=13092  
"Project4.axf" - 0 Error(s), 3 Warning(s).
Load "N:\\MTE241\\Stacker\\Project4.AXF" 
Erase Done.
Programming Done.
Verify OK.
Rebuild target 'Target 1'
assembling startup_LPC17xx.s...
compiling RTX_config.c...
compiling uart.c...
compiling Retarget.c...
compiling system_LPC17xx.c...
compiling Main.c...
compiling lcd_display.c...
Source Code\lcd_display.c(46): warning:  #167-D: argument of type "unsigned char *" is incompatible with parameter of type "char *restrict"
Source Code\lcd_display.c(50): warning:  #167-D: argument of type "unsigned char *" is incompatible with parameter of type "char *restrict"
Source Code\lcd_display.c(54): warning:  #167-D: argument of type "unsigned char *" is incompatible with parameter of type "char *restrict"
compiling game_state.c...
compiling led.c...
compiling joystick.c...
compiling potentiometer.c...
compiling timer.c...
compiling GLCD_Scroll.c...
compiling GLCD_SPI_LPC1700.c...
linking...
Program Size: Code=12980 RO-data=6572 RW-data=156 ZI-data=13092  
"Project4.axf" - 0 Error(s), 3 Warning(s).
Load "N:\\MTE241\\Stacker\\Project4.AXF" 
Erase Done.
Programming Done.
Verify OK.
Build target 'Target 1'
compiling Main.c...
linking...
Program Size: Code=12980 RO-data=6572 RW-data=156 ZI-data=13092  
"Project4.axf" - 0 Error(s), 0 Warning(s).
Load "N:\\MTE241\\Stacker\\Project4.AXF" 
Erase Done.
Programming Done.
Verify OK.
Build target 'Target 1'
compiling Main.c...
linking...
Program Size: Code=12980 RO-data=6572 RW-data=156 ZI-data=13092  
"Project4.axf" - 0 Error(s), 0 Warning(s).
Load "N:\\MTE241\\Stacker\\Project4.AXF" 
Erase Done.
Programming Done.
Verify OK.
