ARM Linker, 5.02 [Build 28] [MDK-ARM Lite]

==============================================================================

Section Cross References

    startup_lpc17xx.o(RESET) refers to startup_lpc17xx.o(STACK) for __initial_sp
    startup_lpc17xx.o(RESET) refers to startup_lpc17xx.o(.text) for Reset_Handler
    startup_lpc17xx.o(RESET) refers to hal_cm3.o(.emb_text) for SVC_Handler
    startup_lpc17xx.o(RESET) refers to uart.o(.text) for UART0_IRQHandler
    startup_lpc17xx.o(RESET) refers to main.o(.text) for EINT3_IRQHandler
    startup_lpc17xx.o(.text) refers to system_lpc17xx.o(.text) for SystemInit
    startup_lpc17xx.o(.text) refers to entry.o(.ARM.Collect$$$$00000000) for __main
    uart.o(.text) refers to uart.o(.data) for RcvLock0
    uart.o(.text) refers to uart.o(.bss) for UART0Buffer
    uart.o(.text) refers to system_lpc17xx.o(.data) for SystemCoreClock
    retarget.o(.text) refers to uart.o(.text) for UARTInit
    retarget.o(.text) refers to retarget.o(.data) for uart_init_called
    system_lpc17xx.o(.text) refers to uldiv.o(.text) for __aeabi_uldivmod
    system_lpc17xx.o(.text) refers to system_lpc17xx.o(.data) for SystemCoreClock
    main.o(.text) refers to joystick.o(.text) for joystick_read
    main.o(.text) refers to led.o(.text) for LED_display
    main.o(.text) refers to printfb.o(i.__0printf$bare) for __2printf
    main.o(.text) refers to timer.o(.text) for timer_delay
    main.o(.text) refers to lcd_display.o(.text) for draw_to_LCD
    main.o(.text) refers to potentiometer.o(.text) for potentiometer_read
    main.o(.text) refers to dfltui.o(.text) for __aeabi_ui2d
    main.o(.text) refers to ceil.o(i.ceil) for ceil
    main.o(.text) refers to dadd.o(.text) for __aeabi_dadd
    main.o(.text) refers to dfixui.o(.text) for __aeabi_d2uiz
    main.o(.text) refers to main.o(.data) for check_isr
    main.o(.text) refers to main.o(.bss) for sem_display_state
    main.o(.text) refers to rt_mutex.o(i.rt_mut_wait) for rt_mut_wait
    main.o(.text) refers to rt_event.o(i.rt_evt_set) for rt_evt_set
    main.o(.text) refers to rt_mutex.o(i.rt_mut_release) for rt_mut_release
    main.o(.text) refers to rt_event.o(i.rt_evt_wait) for rt_evt_wait
    main.o(.text) refers to rt_event.o(i.rt_evt_clr) for rt_evt_clr
    main.o(.text) refers to game_state.o(.text) for init_game
    main.o(.text) refers to hal_cm3.o(.emb_text) for os_set_env
    main.o(.text) refers to rt_mutex.o(i.rt_mut_init) for rt_mut_init
    main.o(.text) refers to rt_task.o(i.rt_tsk_create) for rt_tsk_create
    main.o(.text) refers to rt_task.o(i.rt_tsk_delete) for rt_tsk_delete
    main.o(.text) refers to rt_task.o(i.rt_sys_init) for rt_sys_init
    lcd_display.o(.text) refers to glcd_spi_lpc1700.o(.text) for GLCD_Bitmap
    lcd_display.o(.text) refers to main.o(.data) for block
    game_state.o(.text) refers to glcd_spi_lpc1700.o(.text) for GLCD_Init
    game_state.o(.text) refers to timer.o(.text) for timer_setup
    game_state.o(.text) refers to led.o(.text) for LED_setup
    game_state.o(.text) refers to joystick.o(.text) for pushbutton_setup
    game_state.o(.text) refers to potentiometer.o(.text) for potentiometer_setup
    game_state.o(.text) refers to lcd_display.o(.text) for draw_to_LCD
    game_state.o(.text) refers to main.o(.data) for block
    led.o(.text) refers to led.o(.constdata) for led_pos
    potentiometer.o(.text) refers to rt_task.o(i.rt_tsk_pass) for rt_tsk_pass
    timer.o(.text) refers to system_lpc17xx.o(.data) for SystemCoreClock
    glcd_scroll.o(.text) refers to glcd_spi_lpc1700.o(.text) for GLCD_Init
    glcd_scroll.o(.text) refers to glcd_scroll.o(i.last_line) for last_line
    glcd_scroll.o(.text) refers to glcd_scroll.o(i.last_window_line) for last_window_line
    glcd_scroll.o(.text) refers to glcd_scroll.o(.data) for cache_start
    glcd_scroll.o(.text) refers to glcd_scroll.o(.bss) for chache
    glcd_spi_lpc1700.o(.text) refers to glcd_spi_lpc1700.o(.data) for Himax
    glcd_spi_lpc1700.o(.text) refers to glcd_spi_lpc1700.o(.constdata) for Font_6x8_h
    rt_task.o(i.rt_block) refers to rt_list.o(i.rt_put_dly) for rt_put_dly
    rt_task.o(i.rt_block) refers to rt_list.o(i.rt_get_first) for rt_get_first
    rt_task.o(i.rt_block) refers to rt_task.o(i.rt_switch_req) for rt_switch_req
    rt_task.o(i.rt_block) refers to rt_task.o(.data) for .data
    rt_task.o(i.rt_block) refers to rt_list.o(.bss) for os_rdy
    rt_task.o(i.rt_dispatch) refers to rt_list.o(i.rt_put_rdy_first) for rt_put_rdy_first
    rt_task.o(i.rt_dispatch) refers to rt_task.o(i.rt_switch_req) for rt_switch_req
    rt_task.o(i.rt_dispatch) refers to rt_list.o(i.rt_get_first) for rt_get_first
    rt_task.o(i.rt_dispatch) refers to rt_list.o(i.rt_put_prio) for rt_put_prio
    rt_task.o(i.rt_dispatch) refers to rt_task.o(.data) for .data
    rt_task.o(i.rt_dispatch) refers to rt_list.o(.bss) for os_rdy
    rt_task.o(i.rt_init_context) refers to rt_membox.o(i.rt_alloc_box) for rt_alloc_box
[...]
    hal_cm3.o(.emb_text) refers to SVC_Table.o(SVC_TABLE) for SVC_Count
    hal_cm3.o(.emb_text) refers to rt_system.o(i.rt_pop_req) for rt_pop_req
    hal_cm3.o(.emb_text) refers to rt_system.o(i.rt_systick) for rt_systick
    hal_cm3.o(.emb_text) refers to rt_system.o(i.os_tick_irqack) for os_tick_irqack
    hal_cm3.o(i.dbg_init) refers to hal_cm3.o(.data) for .data
    hal_cm3.o(i.rt_init_stack) refers to rtx_config.o(.constdata) for os_stackinfo
    rt_system.o(i.os_tick_init) refers to rtx_config.o(.constdata) for os_trv
    rt_system.o(i.rt_pop_req) refers to rt_list.o(i.rt_put_rdy_first) for rt_put_rdy_first
    rt_system.o(i.rt_pop_req) refers to rt_semaphore.o(i.rt_sem_psh) for rt_sem_psh
    rt_system.o(i.rt_pop_req) refers to rt_list.o(i.rt_get_first) for rt_get_first
    rt_system.o(i.rt_pop_req) refers to rt_task.o(i.rt_switch_req) for rt_switch_req
    rt_system.o(i.rt_pop_req) refers to rt_event.o(i.rt_evt_psh) for rt_evt_psh
    rt_system.o(i.rt_pop_req) refers to rt_mailbox.o(i.rt_mbx_psh) for rt_mbx_psh
    rt_system.o(i.rt_pop_req) refers to rt_task.o(.data) for os_tsk
    rt_system.o(i.rt_pop_req) refers to rtx_config.o(.bss) for os_fifo
    rt_system.o(i.rt_pop_req) refers to rt_list.o(.bss) for os_rdy
    rt_system.o(i.rt_psh_req) refers to rt_system.o(.data) for .data
    rt_system.o(i.rt_resume) refers to rt_list.o(i.rt_put_rdy_first) for rt_put_rdy_first
    rt_system.o(i.rt_resume) refers to rt_list.o(i.rt_dec_dly) for rt_dec_dly
    rt_system.o(i.rt_resume) refers to rt_timer.o(i.rt_tmr_tick) for rt_tmr_tick
    rt_system.o(i.rt_resume) refers to rt_list.o(i.rt_get_first) for rt_get_first
    rt_system.o(i.rt_resume) refers to rt_task.o(i.rt_switch_req) for rt_switch_req
    rt_system.o(i.rt_resume) refers to rt_system.o(i.rt_tsk_unlock) for rt_tsk_unlock
    rt_system.o(i.rt_resume) refers to rt_task.o(.data) for os_tsk
    rt_system.o(i.rt_resume) refers to rt_robin.o(.data) for os_robin
    rt_system.o(i.rt_resume) refers to rt_list.o(.bss) for os_dly
    rt_system.o(i.rt_resume) refers to rt_time.o(.data) for os_time
    rt_system.o(i.rt_resume) refers to rt_timer.o(.data) for os_tmr
    rt_system.o(i.rt_stk_check) refers to rtx_config.o(.text) for os_error
    rt_system.o(i.rt_stk_check) refers to rt_task.o(.data) for os_tsk
    rt_system.o(i.rt_suspend) refers to rt_system.o(i.rt_tsk_lock) for rt_tsk_lock
    rt_system.o(i.rt_suspend) refers to rt_list.o(.bss) for os_dly
    rt_system.o(i.rt_suspend) refers to rt_timer.o(.data) for os_tmr
    rt_system.o(i.rt_systick) refers to rt_list.o(i.rt_put_rdy_first) for rt_put_rdy_first
    rt_system.o(i.rt_systick) refers to rt_robin.o(i.rt_chk_robin) for rt_chk_robin
    rt_system.o(i.rt_systick) refers to rt_list.o(i.rt_dec_dly) for rt_dec_dly
    rt_system.o(i.rt_systick) refers to rt_timer.o(i.rt_tmr_tick) for rt_tmr_tick
    rt_system.o(i.rt_systick) refers to rt_list.o(i.rt_get_first) for rt_get_first
    rt_system.o(i.rt_systick) refers to rt_task.o(i.rt_switch_req) for rt_switch_req
    rt_system.o(i.rt_systick) refers to rt_task.o(.data) for os_tsk
    rt_system.o(i.rt_systick) refers to rt_time.o(.data) for os_time
    rt_system.o(i.rt_systick) refers to rt_list.o(.bss) for os_rdy
    rt_system.o(i.rt_tsk_lock) refers to rt_system.o(.data) for .data
    rt_system.o(i.rt_tsk_unlock) refers to rt_system.o(.data) for .data
    rt_list.o(i.rt_dec_dly) refers to rt_list.o(i.rt_put_prio) for rt_put_prio
    rt_list.o(i.rt_dec_dly) refers to rt_list.o(.bss) for .bss
    rt_list.o(i.rt_dec_dly) refers to rt_time.o(.data) for os_time
    rt_list.o(i.rt_get_same_rdy_prio) refers to rt_list.o(.bss) for .bss
    rt_list.o(i.rt_get_same_rdy_prio) refers to rt_task.o(.data) for os_tsk
    rt_list.o(i.rt_psq_enq) refers to rtx_config.o(.text) for os_error
    rt_list.o(i.rt_psq_enq) refers to rtx_config.o(.bss) for os_fifo
    rt_list.o(i.rt_put_dly) refers to rt_list.o(.bss) for .bss
    rt_list.o(i.rt_put_rdy_first) refers to rt_list.o(.bss) for .bss
    rt_list.o(i.rt_resort_prio) refers to rt_list.o(i.rt_rmv_list) for rt_rmv_list
    rt_list.o(i.rt_resort_prio) refers to rt_list.o(i.rt_put_prio) for rt_put_prio
    rt_list.o(i.rt_resort_prio) refers to rt_list.o(.bss) for .bss
    rt_list.o(i.rt_rmv_list) refers to rt_list.o(.bss) for .bss
    rt_robin.o(i.rt_chk_robin) refers to rt_list.o(i.rt_get_first) for rt_get_first
    rt_robin.o(i.rt_chk_robin) refers to rt_list.o(i.rt_put_prio) for rt_put_prio
    rt_robin.o(i.rt_chk_robin) refers to rt_robin.o(.data) for .data
    rt_robin.o(i.rt_chk_robin) refers to rt_list.o(.bss) for os_rdy
    rt_robin.o(i.rt_chk_robin) refers to rt_time.o(.data) for os_time
    rt_robin.o(i.rt_init_robin) refers to rt_robin.o(.data) for .data
    rt_robin.o(i.rt_init_robin) refers to rtx_config.o(.constdata) for os_rrobin
    rt_membox.o(i._calloc_box) refers to hal_cm3.o(.emb_text) for _alloc_box
    rt_mailbox.o(i.isr_mbx_receive) refers to rt_list.o(i.rt_psq_enq) for rt_psq_enq
    rt_mailbox.o(i.isr_mbx_receive) refers to rt_system.o(i.rt_psh_req) for rt_psh_req
    rt_mailbox.o(i.isr_mbx_send) refers to rt_list.o(i.rt_psq_enq) for rt_psq_enq
    rt_mailbox.o(i.isr_mbx_send) refers to rt_system.o(i.rt_psh_req) for rt_psh_req
    rt_mailbox.o(i.rt_mbx_psh) refers to rt_list.o(i.rt_get_first) for rt_get_first
    rt_mailbox.o(i.rt_mbx_psh) refers to rt_list.o(i.rt_rmv_dly) for rt_rmv_dly
    rt_mailbox.o(i.rt_mbx_psh) refers to rt_list.o(i.rt_put_prio) for rt_put_prio
    rt_mailbox.o(i.rt_mbx_psh) refers to rtx_config.o(.text) for os_error
    rt_mailbox.o(i.rt_mbx_psh) refers to rt_list.o(.bss) for os_rdy
    rt_mailbox.o(i.rt_mbx_send) refers to rt_list.o(i.rt_put_prio) for rt_put_prio
    rt_mailbox.o(i.rt_mbx_send) refers to rt_list.o(i.rt_get_first) for rt_get_first
    rt_mailbox.o(i.rt_mbx_send) refers to rt_list.o(i.rt_rmv_dly) for rt_rmv_dly
    rt_mailbox.o(i.rt_mbx_send) refers to rt_task.o(i.rt_dispatch) for rt_dispatch
    rt_mailbox.o(i.rt_mbx_send) refers to rt_task.o(i.rt_block) for rt_block
    rt_mailbox.o(i.rt_mbx_send) refers to rt_task.o(.data) for os_tsk
    rt_mailbox.o(i.rt_mbx_wait) refers to rt_list.o(i.rt_get_first) for rt_get_first
    rt_mailbox.o(i.rt_mbx_wait) refers to rt_list.o(i.rt_rmv_dly) for rt_rmv_dly
    rt_mailbox.o(i.rt_mbx_wait) refers to rt_task.o(i.rt_dispatch) for rt_dispatch
    rt_mailbox.o(i.rt_mbx_wait) refers to rt_list.o(i.rt_put_prio) for rt_put_prio
    rt_mailbox.o(i.rt_mbx_wait) refers to rt_task.o(i.rt_block) for rt_block
    rt_mailbox.o(i.rt_mbx_wait) refers to rt_task.o(.data) for os_tsk
    rt_semaphore.o(i.isr_sem_send) refers to rt_list.o(i.rt_psq_enq) for rt_psq_enq
    rt_semaphore.o(i.isr_sem_send) refers to rt_system.o(i.rt_psh_req) for rt_psh_req
    rt_semaphore.o(i.rt_sem_psh) refers to rt_list.o(i.rt_get_first) for rt_get_first
    rt_semaphore.o(i.rt_sem_psh) refers to rt_list.o(i.rt_rmv_dly) for rt_rmv_dly
    rt_semaphore.o(i.rt_sem_psh) refers to rt_list.o(i.rt_put_prio) for rt_put_prio
    rt_semaphore.o(i.rt_sem_psh) refers to rt_list.o(.bss) for os_rdy
    rt_semaphore.o(i.rt_sem_send) refers to rt_list.o(i.rt_get_first) for rt_get_first
    rt_semaphore.o(i.rt_sem_send) refers to rt_list.o(i.rt_rmv_dly) for rt_rmv_dly
    rt_semaphore.o(i.rt_sem_send) refers to rt_task.o(i.rt_dispatch) for rt_dispatch
    rt_semaphore.o(i.rt_sem_send) refers to rt_task.o(.data) for os_tsk
    rt_semaphore.o(i.rt_sem_wait) refers to rt_list.o(i.rt_put_prio) for rt_put_prio
    rt_semaphore.o(i.rt_sem_wait) refers to rt_task.o(i.rt_block) for rt_block
    rt_semaphore.o(i.rt_sem_wait) refers to rt_task.o(.data) for os_tsk
    rt_time.o(i.rt_dly_wait) refers to rt_task.o(i.rt_block) for rt_block
    rt_time.o(i.rt_itv_set) refers to rt_task.o(.data) for os_tsk
    rt_time.o(i.rt_itv_set) refers to rt_time.o(.data) for .data
    rt_time.o(i.rt_itv_wait) refers to rt_task.o(i.rt_block) for rt_block
    rt_time.o(i.rt_itv_wait) refers to rt_task.o(.data) for os_tsk
    rt_time.o(i.rt_itv_wait) refers to rt_time.o(.data) for .data
    rt_time.o(i.rt_time_get) refers to rt_time.o(.data) for .data
    rt_timer.o(i.rt_tmr_create) refers to rt_membox.o(i.rt_alloc_box) for rt_alloc_box
    rt_timer.o(i.rt_tmr_create) refers to rtx_config.o(.data) for m_tmr
    rt_timer.o(i.rt_tmr_create) refers to rt_timer.o(.data) for .data
    rt_timer.o(i.rt_tmr_kill) refers to rt_membox.o(i.rt_free_box) for rt_free_box
    rt_timer.o(i.rt_tmr_kill) refers to rt_timer.o(.data) for .data
    rt_timer.o(i.rt_tmr_kill) refers to rtx_config.o(.data) for m_tmr
    rt_timer.o(i.rt_tmr_tick) refers to rtx_config.o(.text) for os_tmr_call
    rt_timer.o(i.rt_tmr_tick) refers to rt_membox.o(i.rt_free_box) for rt_free_box
    rt_timer.o(i.rt_tmr_tick) refers to rt_timer.o(.data) for .data
    rt_timer.o(i.rt_tmr_tick) refers to rtx_config.o(.data) for m_tmr
    ceil.o(i.__softfp_ceil) refers (Special) to iusefp.o(.text) for __I$use$fp
    ceil.o(i.__softfp_ceil) refers to ceil.o(i.ceil) for ceil
    ceil.o(i.ceil) refers (Special) to iusefp.o(.text) for __I$use$fp
    ceil.o(i.ceil) refers to dadd.o(.text) for __aeabi_dadd
    ceil.o(i.ceil) refers to cdrcmple.o(.text) for __aeabi_cdrcmple
    entry.o(.ARM.Collect$$$$00000000) refers (Special) to entry7b.o(.ARM.Collect$$$$00000008) for _main_clock
    entry.o(.ARM.Collect$$$$00000000) refers (Special) to entry8.o(.ARM.Collect$$$$00000009) for _main_init
    entry.o(.ARM.Collect$$$$00000000) refers (Special) to entry5.o(.ARM.Collect$$$$00000004) for _main_scatterload
    entry.o(.ARM.Collect$$$$00000000) refers (Special) to entry2.o(.ARM.Collect$$$$00000001) for _main_stk
    uldiv.o(.text) refers to llushr.o(.text) for __aeabi_llsr
    uldiv.o(.text) refers to llshl.o(.text) for __aeabi_llsl
    printfb.o(i.__0fprintf$bare) refers to printfb.o(i._printf_core) for _printf_core
    printfb.o(i.__0fprintf$bare) refers to retarget.o(.text) for fputc
    printfb.o(i.__0printf$bare) refers to printfb.o(i._printf_core) for _printf_core
    printfb.o(i.__0printf$bare) refers to retarget.o(.text) for fputc
    printfb.o(i.__0printf$bare) refers to retarget.o(.data) for __stdout
    printfb.o(i.__0snprintf$bare) refers to printfb.o(i._printf_core) for _printf_core
    printfb.o(i.__0snprintf$bare) refers to printfb.o(i._snputc) for _snputc
    printfb.o(i.__0sprintf$bare) refers to printfb.o(i._printf_core) for _printf_core
    printfb.o(i.__0sprintf$bare) refers to printfb.o(i._sputc) for _sputc
    printfb.o(i.__0vfprintf$bare) refers to printfb.o(i._printf_core) for _printf_core
    printfb.o(i.__0vfprintf$bare) refers to retarget.o(.text) for fputc
    printfb.o(i.__0vprintf$bare) refers to printfb.o(i._printf_core) for _printf_core
    printfb.o(i.__0vprintf$bare) refers to retarget.o(.text) for fputc
    printfb.o(i.__0vprintf$bare) refers to retarget.o(.data) for __stdout
    printfb.o(i.__0vsnprintf$bare) refers to printfb.o(i._printf_core) for _printf_core
    printfb.o(i.__0vsnprintf$bare) refers to printfb.o(i._snputc) for _snputc
    printfb.o(i.__0vsprintf$bare) refers to printfb.o(i._printf_core) for _printf_core
    printfb.o(i.__0vsprintf$bare) refers to printfb.o(i._sputc) for _sputc
    printf0.o(i.__0fprintf$0) refers to printf0.o(i._printf_core) for _printf_core
    printf0.o(i.__0fprintf$0) refers to retarget.o(.text) for fputc
    printf0.o(i.__0printf$0) refers to printf0.o(i._printf_core) for _printf_core
    printf0.o(i.__0printf$0) refers to retarget.o(.text) for fputc
    printf0.o(i.__0printf$0) refers to retarget.o(.data) for __stdout
    printf0.o(i.__0snprintf$0) refers to printf0.o(i._printf_core) for _printf_core
    printf0.o(i.__0snprintf$0) refers to printf0.o(i._snputc) for _snputc
    printf0.o(i.__0sprintf$0) refers to printf0.o(i._printf_core) for _printf_core
    printf0.o(i.__0sprintf$0) refers to printf0.o(i._sputc) for _sputc
    printf0.o(i.__0vfprintf$0) refers to printf0.o(i._printf_core) for _printf_core
    printf0.o(i.__0vfprintf$0) refers to retarget.o(.text) for fputc
    printf0.o(i.__0vprintf$0) refers to printf0.o(i._printf_core) for _printf_core
    printf0.o(i.__0vprintf$0) refers to retarget.o(.text) for fputc
    printf0.o(i.__0vprintf$0) refers to retarget.o(.data) for __stdout
    printf0.o(i.__0vsnprintf$0) refers to printf0.o(i._printf_core) for _printf_core
    printf0.o(i.__0vsnprintf$0) refers to printf0.o(i._snputc) for _snputc
    printf0.o(i.__0vsprintf$0) refers to printf0.o(i._printf_core) for _printf_core
    printf0.o(i.__0vsprintf$0) refers to printf0.o(i._sputc) for _sputc
    printf1.o(i.__0fprintf$1) refers to printf1.o(i._printf_core) for _printf_core
    printf1.o(i.__0fprintf$1) refers to retarget.o(.text) for fputc
    printf1.o(i.__0printf$1) refers to printf1.o(i._printf_core) for _printf_core
    printf1.o(i.__0printf$1) refers to retarget.o(.text) for fputc
    printf1.o(i.__0printf$1) refers to retarget.o(.data) for __stdout
    printf1.o(i.__0snprintf$1) refers to printf1.o(i._printf_core) for _printf_core
    printf1.o(i.__0snprintf$1) refers to printf1.o(i._snputc) for _snputc
    printf1.o(i.__0sprintf$1) refers to printf1.o(i._printf_core) for _printf_core
    printf1.o(i.__0sprintf$1) refers to printf1.o(i._sputc) for _sputc
    printf1.o(i.__0vfprintf$1) refers to printf1.o(i._printf_core) for _printf_core
    printf1.o(i.__0vfprintf$1) refers to retarget.o(.text) for fputc
    printf1.o(i.__0vprintf$1) refers to printf1.o(i._printf_core) for _printf_core
    printf1.o(i.__0vprintf$1) refers to retarget.o(.text) for fputc
    printf1.o(i.__0vprintf$1) refers to retarget.o(.data) for __stdout
    printf1.o(i.__0vsnprintf$1) refers to printf1.o(i._printf_core) for _printf_core
    printf1.o(i.__0vsnprintf$1) refers to printf1.o(i._snputc) for _snputc
    printf1.o(i.__0vsprintf$1) refers to printf1.o(i._printf_core) for _printf_core
    printf1.o(i.__0vsprintf$1) refers to printf1.o(i._sputc) for _sputc
    printf1.o(i._printf_core) refers to uidiv.o(.text) for __aeabi_uidivmod
    printf2.o(i.__0fprintf$2) refers to printf2.o(i._printf_core) for _printf_core
    printf2.o(i.__0fprintf$2) refers to retarget.o(.text) for fputc
    printf2.o(i.__0printf$2) refers to printf2.o(i._printf_core) for _printf_core
    printf2.o(i.__0printf$2) refers to retarget.o(.text) for fputc
    printf2.o(i.__0printf$2) refers to retarget.o(.data) for __stdout
    printf2.o(i.__0snprintf$2) refers to printf2.o(i._printf_core) for _printf_core
    printf2.o(i.__0snprintf$2) refers to printf2.o(i._snputc) for _snputc
    printf2.o(i.__0sprintf$2) refers to printf2.o(i._printf_core) for _printf_core
    printf2.o(i.__0sprintf$2) refers to printf2.o(i._sputc) for _sputc
    printf2.o(i.__0vfprintf$2) refers to printf2.o(i._printf_core) for _printf_core
    printf2.o(i.__0vfprintf$2) refers to retarget.o(.text) for fputc
    printf2.o(i.__0vprintf$2) refers to printf2.o(i._printf_core) for _printf_core
    printf2.o(i.__0vprintf$2) refers to retarget.o(.text) for fputc
    printf2.o(i.__0vprintf$2) refers to retarget.o(.data) for __stdout
    printf2.o(i.__0vsnprintf$2) refers to printf2.o(i._printf_core) for _printf_core
    printf2.o(i.__0vsnprintf$2) refers to printf2.o(i._snputc) for _snputc
    printf2.o(i.__0vsprintf$2) refers to printf2.o(i._printf_core) for _printf_core
    printf2.o(i.__0vsprintf$2) refers to printf2.o(i._sputc) for _sputc
    printf3.o(i.__0fprintf$3) refers to printf3.o(i._printf_core) for _printf_core
    printf3.o(i.__0fprintf$3) refers to retarget.o(.text) for fputc
    printf3.o(i.__0printf$3) refers to printf3.o(i._printf_core) for _printf_core
    printf3.o(i.__0printf$3) refers to retarget.o(.text) for fputc
    printf3.o(i.__0printf$3) refers to retarget.o(.data) for __stdout
    printf3.o(i.__0snprintf$3) refers to printf3.o(i._printf_core) for _printf_core
    printf3.o(i.__0snprintf$3) refers to printf3.o(i._snputc) for _snputc
    printf3.o(i.__0sprintf$3) refers to printf3.o(i._printf_core) for _printf_core
    printf3.o(i.__0sprintf$3) refers to printf3.o(i._sputc) for _sputc
    printf3.o(i.__0vfprintf$3) refers to printf3.o(i._printf_core) for _printf_core
    printf3.o(i.__0vfprintf$3) refers to retarget.o(.text) for fputc
    printf3.o(i.__0vprintf$3) refers to printf3.o(i._printf_core) for _printf_core
    printf3.o(i.__0vprintf$3) refers to retarget.o(.text) for fputc
    printf3.o(i.__0vprintf$3) refers to retarget.o(.data) for __stdout
    printf3.o(i.__0vsnprintf$3) refers to printf3.o(i._printf_core) for _printf_core
    printf3.o(i.__0vsnprintf$3) refers to printf3.o(i._snputc) for _snputc
    printf3.o(i.__0vsprintf$3) refers to printf3.o(i._printf_core) for _printf_core
    printf3.o(i.__0vsprintf$3) refers to printf3.o(i._sputc) for _sputc
    printf3.o(i._printf_core) refers to uidiv.o(.text) for __aeabi_uidivmod
    printf4.o(i.__0fprintf$4) refers to printf4.o(i._printf_core) for _printf_core
    printf4.o(i.__0fprintf$4) refers to retarget.o(.text) for fputc
    printf4.o(i.__0printf$4) refers to printf4.o(i._printf_core) for _printf_core
    printf4.o(i.__0printf$4) refers to retarget.o(.text) for fputc
    printf4.o(i.__0printf$4) refers to retarget.o(.data) for __stdout
    printf4.o(i.__0snprintf$4) refers to printf4.o(i._printf_core) for _printf_core
    printf4.o(i.__0snprintf$4) refers to printf4.o(i._snputc) for _snputc
    printf4.o(i.__0sprintf$4) refers to printf4.o(i._printf_core) for _printf_core
    printf4.o(i.__0sprintf$4) refers to printf4.o(i._sputc) for _sputc
    printf4.o(i.__0vfprintf$4) refers to printf4.o(i._printf_core) for _printf_core
    printf4.o(i.__0vfprintf$4) refers to retarget.o(.text) for fputc
    printf4.o(i.__0vprintf$4) refers to printf4.o(i._printf_core) for _printf_core
    printf4.o(i.__0vprintf$4) refers to retarget.o(.text) for fputc
    printf4.o(i.__0vprintf$4) refers to retarget.o(.data) for __stdout
    printf4.o(i.__0vsnprintf$4) refers to printf4.o(i._printf_core) for _printf_core
    printf4.o(i.__0vsnprintf$4) refers to printf4.o(i._snputc) for _snputc
    printf4.o(i.__0vsprintf$4) refers to printf4.o(i._printf_core) for _printf_core
    printf4.o(i.__0vsprintf$4) refers to printf4.o(i._sputc) for _sputc
    printf4.o(i._printf_core) refers to uldiv.o(.text) for __aeabi_uldivmod
    printf5.o(i.__0fprintf$5) refers to printf5.o(i._printf_core) for _printf_core
    printf5.o(i.__0fprintf$5) refers to retarget.o(.text) for fputc
    printf5.o(i.__0printf$5) refers to printf5.o(i._printf_core) for _printf_core
    printf5.o(i.__0printf$5) refers to retarget.o(.text) for fputc
    printf5.o(i.__0printf$5) refers to retarget.o(.data) for __stdout
    printf5.o(i.__0snprintf$5) refers to printf5.o(i._printf_core) for _printf_core
    printf5.o(i.__0snprintf$5) refers to printf5.o(i._snputc) for _snputc
    printf5.o(i.__0sprintf$5) refers to printf5.o(i._printf_core) for _printf_core
    printf5.o(i.__0sprintf$5) refers to printf5.o(i._sputc) for _sputc
    printf5.o(i.__0vfprintf$5) refers to printf5.o(i._printf_core) for _printf_core
    printf5.o(i.__0vfprintf$5) refers to retarget.o(.text) for fputc
    printf5.o(i.__0vprintf$5) refers to printf5.o(i._printf_core) for _printf_core
    printf5.o(i.__0vprintf$5) refers to retarget.o(.text) for fputc
    printf5.o(i.__0vprintf$5) refers to retarget.o(.data) for __stdout
    printf5.o(i.__0vsnprintf$5) refers to printf5.o(i._printf_core) for _printf_core
    printf5.o(i.__0vsnprintf$5) refers to printf5.o(i._snputc) for _snputc
    printf5.o(i.__0vsprintf$5) refers to printf5.o(i._printf_core) for _printf_core
    printf5.o(i.__0vsprintf$5) refers to printf5.o(i._sputc) for _sputc
    printf5.o(i._printf_core) refers to uldiv.o(.text) for __aeabi_uldivmod
    printf6.o(i.__0fprintf$6) refers to printf6.o(i._printf_core) for _printf_core
    printf6.o(i.__0fprintf$6) refers to retarget.o(.text) for fputc
    printf6.o(i.__0printf$6) refers to printf6.o(i._printf_core) for _printf_core
    printf6.o(i.__0printf$6) refers to retarget.o(.text) for fputc
    printf6.o(i.__0printf$6) refers to retarget.o(.data) for __stdout
    printf6.o(i.__0snprintf$6) refers to printf6.o(i._printf_core) for _printf_core
    printf6.o(i.__0snprintf$6) refers to printf6.o(i._snputc) for _snputc
    printf6.o(i.__0sprintf$6) refers to printf6.o(i._printf_core) for _printf_core
    printf6.o(i.__0sprintf$6) refers to printf6.o(i._sputc) for _sputc
    printf6.o(i.__0vfprintf$6) refers to printf6.o(i._printf_core) for _printf_core
    printf6.o(i.__0vfprintf$6) refers to retarget.o(.text) for fputc
    printf6.o(i.__0vprintf$6) refers to printf6.o(i._printf_core) for _printf_core
    printf6.o(i.__0vprintf$6) refers to retarget.o(.text) for fputc
    printf6.o(i.__0vprintf$6) refers to retarget.o(.data) for __stdout
    printf6.o(i.__0vsnprintf$6) refers to printf6.o(i._printf_core) for _printf_core
    printf6.o(i.__0vsnprintf$6) refers to printf6.o(i._snputc) for _snputc
    printf6.o(i.__0vsprintf$6) refers to printf6.o(i._printf_core) for _printf_core
    printf6.o(i.__0vsprintf$6) refers to printf6.o(i._sputc) for _sputc
    printf6.o(i._printf_core) refers to printf6.o(i._printf_pre_padding) for _printf_pre_padding
    printf6.o(i._printf_core) refers to uidiv.o(.text) for __aeabi_uidivmod
    printf6.o(i._printf_core) refers to printf6.o(i._printf_post_padding) for _printf_post_padding
    printf7.o(i.__0fprintf$7) refers to printf7.o(i._printf_core) for _printf_core
    printf7.o(i.__0fprintf$7) refers to retarget.o(.text) for fputc
    printf7.o(i.__0printf$7) refers to printf7.o(i._printf_core) for _printf_core
    printf7.o(i.__0printf$7) refers to retarget.o(.text) for fputc
    printf7.o(i.__0printf$7) refers to retarget.o(.data) for __stdout
    printf7.o(i.__0snprintf$7) refers to printf7.o(i._printf_core) for _printf_core
    printf7.o(i.__0snprintf$7) refers to printf7.o(i._snputc) for _snputc
    printf7.o(i.__0sprintf$7) refers to printf7.o(i._printf_core) for _printf_core
    printf7.o(i.__0sprintf$7) refers to printf7.o(i._sputc) for _sputc
    printf7.o(i.__0vfprintf$7) refers to printf7.o(i._printf_core) for _printf_core
    printf7.o(i.__0vfprintf$7) refers to retarget.o(.text) for fputc
    printf7.o(i.__0vprintf$7) refers to printf7.o(i._printf_core) for _printf_core
    printf7.o(i.__0vprintf$7) refers to retarget.o(.text) for fputc
    printf7.o(i.__0vprintf$7) refers to retarget.o(.data) for __stdout
    printf7.o(i.__0vsnprintf$7) refers to printf7.o(i._printf_core) for _printf_core
    printf7.o(i.__0vsnprintf$7) refers to printf7.o(i._snputc) for _snputc
    printf7.o(i.__0vsprintf$7) refers to printf7.o(i._printf_core) for _printf_core
    printf7.o(i.__0vsprintf$7) refers to printf7.o(i._sputc) for _sputc
    printf7.o(i._printf_core) refers to printf7.o(i._printf_pre_padding) for _printf_pre_padding
    printf7.o(i._printf_core) refers to uldiv.o(.text) for __aeabi_uldivmod
    printf7.o(i._printf_core) refers to printf7.o(i._printf_post_padding) for _printf_post_padding
    printf8.o(i.__0fprintf$8) refers to printf8.o(i._printf_core) for _printf_core
    printf8.o(i.__0fprintf$8) refers to retarget.o(.text) for fputc
    printf8.o(i.__0printf$8) refers to printf8.o(i._printf_core) for _printf_core
    printf8.o(i.__0printf$8) refers to retarget.o(.text) for fputc
    printf8.o(i.__0printf$8) refers to retarget.o(.data) for __stdout
    printf8.o(i.__0snprintf$8) refers to printf8.o(i._printf_core) for _printf_core
    printf8.o(i.__0snprintf$8) refers to printf8.o(i._snputc) for _snputc
    printf8.o(i.__0sprintf$8) refers to printf8.o(i._printf_core) for _printf_core
    printf8.o(i.__0sprintf$8) refers to printf8.o(i._sputc) for _sputc
    printf8.o(i.__0vfprintf$8) refers to printf8.o(i._printf_core) for _printf_core
    printf8.o(i.__0vfprintf$8) refers to retarget.o(.text) for fputc
    printf8.o(i.__0vprintf$8) refers to printf8.o(i._printf_core) for _printf_core
    printf8.o(i.__0vprintf$8) refers to retarget.o(.text) for fputc
    printf8.o(i.__0vprintf$8) refers to retarget.o(.data) for __stdout
    printf8.o(i.__0vsnprintf$8) refers to printf8.o(i._printf_core) for _printf_core
    printf8.o(i.__0vsnprintf$8) refers to printf8.o(i._snputc) for _snputc
    printf8.o(i.__0vsprintf$8) refers to printf8.o(i._printf_core) for _printf_core
    printf8.o(i.__0vsprintf$8) refers to printf8.o(i._sputc) for _sputc
    printf8.o(i._printf_core) refers to printf8.o(i._printf_pre_padding) for _printf_pre_padding
    printf8.o(i._printf_core) refers to uldiv.o(.text) for __aeabi_uldivmod
    printf8.o(i._printf_core) refers to printf8.o(i._printf_post_padding) for _printf_post_padding
    printfa.o(i.__0fprintf) refers (Special) to iusefp.o(.text) for __I$use$fp
    printfa.o(i.__0fprintf) refers to printfa.o(i._printf_core) for _printf_core
    printfa.o(i.__0fprintf) refers to retarget.o(.text) for fputc
    printfa.o(i.__0printf) refers (Special) to iusefp.o(.text) for __I$use$fp
    printfa.o(i.__0printf) refers to printfa.o(i._printf_core) for _printf_core
    printfa.o(i.__0printf) refers to retarget.o(.text) for fputc
    printfa.o(i.__0printf) refers to retarget.o(.data) for __stdout
    printfa.o(i.__0snprintf) refers (Special) to iusefp.o(.text) for __I$use$fp
    printfa.o(i.__0snprintf) refers to printfa.o(i._printf_core) for _printf_core
    printfa.o(i.__0snprintf) refers to printfa.o(i._snputc) for _snputc
    printfa.o(i.__0sprintf) refers (Special) to iusefp.o(.text) for __I$use$fp
    printfa.o(i.__0sprintf) refers to printfa.o(i._printf_core) for _printf_core
    printfa.o(i.__0sprintf) refers to printfa.o(i._sputc) for _sputc
    printfa.o(i.__0vfprintf) refers (Special) to iusefp.o(.text) for __I$use$fp
    printfa.o(i.__0vfprintf) refers to printfa.o(i._printf_core) for _printf_core
    printfa.o(i.__0vfprintf) refers to retarget.o(.text) for fputc
    printfa.o(i.__0vprintf) refers (Special) to iusefp.o(.text) for __I$use$fp
    printfa.o(i.__0vprintf) refers to printfa.o(i._printf_core) for _printf_core
    printfa.o(i.__0vprintf) refers to retarget.o(.text) for fputc
    printfa.o(i.__0vprintf) refers to retarget.o(.data) for __stdout
    printfa.o(i.__0vsnprintf) refers (Special) to iusefp.o(.text) for __I$use$fp
    printfa.o(i.__0vsnprintf) refers to printfa.o(i._printf_core) for _printf_core
    printfa.o(i.__0vsnprintf) refers to printfa.o(i._snputc) for _snputc
    printfa.o(i.__0vsprintf) refers (Special) to iusefp.o(.text) for __I$use$fp
    printfa.o(i.__0vsprintf) refers to printfa.o(i._printf_core) for _printf_core
    printfa.o(i.__0vsprintf) refers to printfa.o(i._sputc) for _sputc
    printfa.o(i._fp_digits) refers (Special) to iusefp.o(.text) for __I$use$fp
    printfa.o(i._fp_digits) refers to dmul.o(.text) for __aeabi_dmul
    printfa.o(i._fp_digits) refers to ddiv.o(.text) for __aeabi_ddiv
    printfa.o(i._fp_digits) refers to cdrcmple.o(.text) for __aeabi_cdrcmple
    printfa.o(i._fp_digits) refers to dadd.o(.text) for __aeabi_dadd
    printfa.o(i._fp_digits) refers to dfixul.o(.text) for __aeabi_d2ulz
    printfa.o(i._fp_digits) refers to uldiv.o(.text) for __aeabi_uldivmod
    printfa.o(i._printf_core) refers (Special) to iusefp.o(.text) for __I$use$fp
    printfa.o(i._printf_core) refers to printfa.o(i._printf_pre_padding) for _printf_pre_padding
    printfa.o(i._printf_core) refers to uldiv.o(.text) for __aeabi_uldivmod
    printfa.o(i._printf_core) refers to printfa.o(i._printf_post_padding) for _printf_post_padding
    printfa.o(i._printf_core) refers to printfa.o(i._fp_digits) for _fp_digits
    printfa.o(i._printf_core) refers to uidiv.o(.text) for __aeabi_uidivmod
    printfa.o(i._printf_post_padding) refers (Special) to iusefp.o(.text) for __I$use$fp
    printfa.o(i._printf_pre_padding) refers (Special) to iusefp.o(.text) for __I$use$fp
    printfa.o(i._snputc) refers (Special) to iusefp.o(.text) for __I$use$fp
    printfa.o(i._sputc) refers (Special) to iusefp.o(.text) for __I$use$fp
    dadd.o(.text) refers (Special) to iusefp.o(.text) for __I$use$fp
    dadd.o(.text) refers to llshl.o(.text) for __aeabi_llsl
    dadd.o(.text) refers to llsshr.o(.text) for __aeabi_lasr
    dadd.o(.text) refers to depilogue.o(.text) for _double_epilogue
    dfltui.o(.text) refers (Special) to iusefp.o(.text) for __I$use$fp
    dfltui.o(.text) refers to depilogue.o(.text) for _double_epilogue
    dfixui.o(.text) refers (Special) to iusefp.o(.text) for __I$use$fp
    dfixui.o(.text) refers to llushr.o(.text) for __aeabi_llsr
    entry2.o(.ARM.Collect$$$$00000001) refers to entry2.o(.ARM.Collect$$$$00002712) for __lit__00000000
    entry2.o(.ARM.Collect$$$$00002712) refers to startup_lpc17xx.o(STACK) for __initial_sp
    entry2.o(__vectab_stack_and_reset_area) refers to startup_lpc17xx.o(STACK) for __initial_sp
    entry2.o(__vectab_stack_and_reset_area) refers to entry.o(.ARM.Collect$$$$00000000) for __main
    entry5.o(.ARM.Collect$$$$00000004) refers to init.o(.text) for __scatterload
    entry8.o(.ARM.Collect$$$$00000009) refers to main.o(.text) for main
    depilogue.o(.text) refers to llshl.o(.text) for __aeabi_llsl
    depilogue.o(.text) refers to llushr.o(.text) for __aeabi_llsr
    dmul.o(.text) refers to depilogue.o(.text) for _double_epilogue
    ddiv.o(.text) refers to depilogue.o(.text) for _double_round
    dfixul.o(.text) refers to llushr.o(.text) for __aeabi_llsr
    dfixul.o(.text) refers to llshl.o(.text) for __aeabi_llsl
    init.o(.text) refers to entry5.o(.ARM.Collect$$$$00000004) for __main_after_scatterload
    glcd_scroll.o(i.last_line) refers to glcd_scroll.o(.data) for cache_start
    glcd_scroll.o(i.last_window_line) refers to glcd_scroll.o(.data) for window_start


==============================================================================

Removing Unused input sections from the image.

    Removing startup_lpc17xx.o(HEAP), (8192 bytes).
    Removing uart.o(.rev16_text), (4 bytes).
    Removing uart.o(.revsh_text), (4 bytes).
    Removing system_lpc17xx.o(.rev16_text), (4 bytes).
    Removing system_lpc17xx.o(.revsh_text), (4 bytes).
    Removing main.o(.rev16_text), (4 bytes).
    Removing main.o(.revsh_text), (4 bytes).
    Removing game_state.o(.rev16_text), (4 bytes).
    Removing game_state.o(.revsh_text), (4 bytes).
    Removing led.o(.rev16_text), (4 bytes).
    Removing led.o(.revsh_text), (4 bytes).
    Removing joystick.o(.rev16_text), (4 bytes).
    Removing joystick.o(.revsh_text), (4 bytes).
    Removing potentiometer.o(.rev16_text), (4 bytes).
    Removing potentiometer.o(.revsh_text), (4 bytes).
    Removing timer.o(.rev16_text), (4 bytes).
    Removing timer.o(.revsh_text), (4 bytes).
    Removing glcd_scroll.o(.rev16_text), (4 bytes).
    Removing glcd_scroll.o(.revsh_text), (4 bytes).
    Removing glcd_scroll.o(.text), (852 bytes).
    Removing glcd_scroll.o(.bss), (525 bytes).
    Removing glcd_scroll.o(.data), (20 bytes).
    Removing glcd_spi_lpc1700.o(.rev16_text), (4 bytes).
    Removing glcd_spi_lpc1700.o(.revsh_text), (4 bytes).
    Removing rt_task.o(i.rt_tsk_prio), (128 bytes).
    Removing rt_task.o(i.rt_tsk_self), (16 bytes).
    Removing rt_event.o(i.isr_evt_set), (40 bytes).
    Removing rt_event.o(i.rt_evt_get), (12 bytes).
    Removing rt_system.o(.emb_text), (0 bytes).
    Removing rt_system.o(i.rt_psh_req), (32 bytes).
    Removing rt_system.o(i.rt_resume), (176 bytes).
    Removing rt_system.o(i.rt_suspend), (44 bytes).
    Removing rt_system.o(i.rt_tsk_lock), (80 bytes).
    Removing rt_system.o(i.rt_tsk_unlock), (80 bytes).
    Removing rt_list.o(i.rt_psq_enq), (88 bytes).
    Removing rt_membox.o(i._calloc_box), (30 bytes).
    Removing rt_mailbox.o(i.isr_mbx_receive), (84 bytes).
    Removing rt_mailbox.o(i.isr_mbx_send), (14 bytes).
    Removing rt_mailbox.o(i.rt_mbx_check), (8 bytes).
    Removing rt_mailbox.o(i.rt_mbx_init), (26 bytes).
    Removing rt_mailbox.o(i.rt_mbx_send), (160 bytes).
    Removing rt_mailbox.o(i.rt_mbx_wait), (184 bytes).
    Removing rt_semaphore.o(i.isr_sem_send), (16 bytes).
    Removing rt_semaphore.o(i.rt_sem_init), (12 bytes).
    Removing rt_semaphore.o(i.rt_sem_send), (56 bytes).
    Removing rt_semaphore.o(i.rt_sem_wait), (60 bytes).
    Removing rt_time.o(i.rt_dly_wait), (6 bytes).
    Removing rt_time.o(i.rt_itv_set), (24 bytes).
    Removing rt_time.o(i.rt_itv_wait), (44 bytes).
    Removing rt_time.o(i.rt_time_get), (12 bytes).
    Removing rt_timer.o(i.rt_tmr_create), (80 bytes).
    Removing rt_timer.o(i.rt_tmr_kill), (52 bytes).
    Removing dmul.o(.text), (228 bytes).
    Removing ddiv.o(.text), (222 bytes).
    Removing dfixul.o(.text), (48 bytes).
    Removing glcd_scroll.o(i.last_line), (32 bytes).
    Removing glcd_scroll.o(i.last_window_line), (32 bytes).

57 unused section(s) (total 11795 bytes) removed from the image.

==============================================================================

Image Symbol Table

    Local Symbols

    Symbol Name                              Value     Ov Type        Size  Object(Section)

    RESET                                    0x00000000   Section      204  startup_lpc17xx.o(RESET)
    ../clib/microlib/division.c              0x00000000   Number         0  uldiv.o ABSOLUTE
    ../clib/microlib/division.c              0x00000000   Number         0  uidiv.o ABSOLUTE
    ../clib/microlib/init/entry.s            0x00000000   Number         0  entry2.o ABSOLUTE
    ../clib/microlib/init/entry.s            0x00000000   Number         0  entry7a.o ABSOLUTE
    ../clib/microlib/init/entry.s            0x00000000   Number         0  entry5.o ABSOLUTE
    ../clib/microlib/init/entry.s            0x00000000   Number         0  entry7b.o ABSOLUTE
    ../clib/microlib/init/entry.s            0x00000000   Number         0  entry.o ABSOLUTE
    ../clib/microlib/init/entry.s            0x00000000   Number         0  entry8.o ABSOLUTE
    ../clib/microlib/longlong.c              0x00000000   Number         0  llsshr.o ABSOLUTE
    ../clib/microlib/longlong.c              0x00000000   Number         0  llushr.o ABSOLUTE
    ../clib/microlib/longlong.c              0x00000000   Number         0  llshl.o ABSOLUTE
    ../clib/microlib/printf/printf.c         0x00000000   Number         0  printfa.o ABSOLUTE
    ../clib/microlib/printf/printf.c         0x00000000   Number         0  printf6.o ABSOLUTE
    ../clib/microlib/printf/printf.c         0x00000000   Number         0  printfb.o ABSOLUTE
    ../clib/microlib/printf/printf.c         0x00000000   Number         0  printf8.o ABSOLUTE
    ../clib/microlib/printf/printf.c         0x00000000   Number         0  printf7.o ABSOLUTE
    ../clib/microlib/printf/printf.c         0x00000000   Number         0  printf0.o ABSOLUTE
    ../clib/microlib/printf/printf.c         0x00000000   Number         0  printf5.o ABSOLUTE
    ../clib/microlib/printf/printf.c         0x00000000   Number         0  printf4.o ABSOLUTE
    ../clib/microlib/printf/printf.c         0x00000000   Number         0  printf3.o ABSOLUTE
    ../clib/microlib/printf/printf.c         0x00000000   Number         0  printf2.o ABSOLUTE
    ../clib/microlib/printf/printf.c         0x00000000   Number         0  printf1.o ABSOLUTE
    ../clib/microlib/stubs.s                 0x00000000   Number         0  iusefp.o ABSOLUTE
    ../fplib/microlib/fpadd.c                0x00000000   Number         0  dadd.o ABSOLUTE
    ../fplib/microlib/fpdiv.c                0x00000000   Number         0  ddiv.o ABSOLUTE
    ../fplib/microlib/fpepilogue.c           0x00000000   Number         0  depilogue.o ABSOLUTE
    ../fplib/microlib/fpfix.c                0x00000000   Number         0  dfixui.o ABSOLUTE
    ../fplib/microlib/fpfix.c                0x00000000   Number         0  dfixul.o ABSOLUTE
    ../fplib/microlib/fpflt.c                0x00000000   Number         0  dfltui.o ABSOLUTE
    ../fplib/microlib/fpmul.c                0x00000000   Number         0  dmul.o ABSOLUTE
    ../mathlib/ceil.c                        0x00000000   Number         0  ceil.o ABSOLUTE
    C:\Software\Keil\ARM\Startup\NXP\LPC17xx\system_LPC17xx.c 0x00000000   Number         0  system_lpc17xx.o ABSOLUTE
    C:\\Software\\Keil\\ARM\\Startup\\NXP\\LPC17xx\\system_LPC17xx.c 0x00000000   Number         0  system_lpc17xx.o ABSOLUTE
    SRC\CM\HAL_CM3.c                         0x00000000   Number         0  hal_cm3.o ABSOLUTE
    SRC\CM\SVC_Table.s                       0x00000000   Number         0  SVC_Table.o ABSOLUTE
    SRC\CM\rt_Event.c                        0x00000000   Number         0  rt_event.o ABSOLUTE
    SRC\CM\rt_List.c                         0x00000000   Number         0  rt_list.o ABSOLUTE
    SRC\CM\rt_Mailbox.c                      0x00000000   Number         0  rt_mailbox.o ABSOLUTE
    SRC\CM\rt_MemBox.c                       0x00000000   Number         0  rt_membox.o ABSOLUTE
    SRC\CM\rt_Mutex.c                        0x00000000   Number         0  rt_mutex.o ABSOLUTE
    SRC\CM\rt_Robin.c                        0x00000000   Number         0  rt_robin.o ABSOLUTE
    SRC\CM\rt_Semaphore.c                    0x00000000   Number         0  rt_semaphore.o ABSOLUTE
    SRC\CM\rt_System.c                       0x00000000   Number         0  rt_system.o ABSOLUTE
    SRC\CM\rt_Task.c                         0x00000000   Number         0  rt_task.o ABSOLUTE
    SRC\CM\rt_Time.c                         0x00000000   Number         0  rt_time.o ABSOLUTE
    SRC\CM\rt_Timer.c                        0x00000000   Number         0  rt_timer.o ABSOLUTE
    SRC\\CM\\HAL_CM3.c                       0x00000000   Number         0  hal_cm3.o ABSOLUTE
    SRC\\CM\\rt_System.c                     0x00000000   Number         0  rt_system.o ABSOLUTE
    Source Code\GLCD_SPI_LPC1700.c           0x00000000   Number         0  glcd_spi_lpc1700.o ABSOLUTE
    Source Code\GLCD_Scroll.c                0x00000000   Number         0  glcd_scroll.o ABSOLUTE
    Source Code\Main.c                       0x00000000   Number         0  main.o ABSOLUTE
    Source Code\RTX_config.c                 0x00000000   Number         0  rtx_config.o ABSOLUTE
    Source Code\Retarget.c                   0x00000000   Number         0  retarget.o ABSOLUTE
    Source Code\\GLCD_SPI_LPC1700.c          0x00000000   Number         0  glcd_spi_lpc1700.o ABSOLUTE
    Source Code\\GLCD_Scroll.c               0x00000000   Number         0  glcd_scroll.o ABSOLUTE
    Source Code\\Main.c                      0x00000000   Number         0  main.o ABSOLUTE
    Source Code\\game_state.c                0x00000000   Number         0  game_state.o ABSOLUTE
    Source Code\\joystick.c                  0x00000000   Number         0  joystick.o ABSOLUTE
    Source Code\\led.c                       0x00000000   Number         0  led.o ABSOLUTE
    Source Code\\potentiometer.c             0x00000000   Number         0  potentiometer.o ABSOLUTE
    Source Code\\timer.c                     0x00000000   Number         0  timer.o ABSOLUTE
    Source Code\\uart.c                      0x00000000   Number         0  uart.o ABSOLUTE
    Source Code\game_state.c                 0x00000000   Number         0  game_state.o ABSOLUTE
    Source Code\joystick.c                   0x00000000   Number         0  joystick.o ABSOLUTE
    Source Code\lcd_display.c                0x00000000   Number         0  lcd_display.o ABSOLUTE
    Source Code\led.c                        0x00000000   Number         0  led.o ABSOLUTE
    Source Code\potentiometer.c              0x00000000   Number         0  potentiometer.o ABSOLUTE
    Source Code\stat_display.c               0x00000000   Number         0  stat_display.o ABSOLUTE
    Source Code\timer.c                      0x00000000   Number         0  timer.o ABSOLUTE
    Source Code\uart.c                       0x00000000   Number         0  uart.o ABSOLUTE
    cdrcmple.s                               0x00000000   Number         0  cdrcmple.o ABSOLUTE
    dc.s                                     0x00000000   Number         0  dc.o ABSOLUTE
    handlers.s                               0x00000000   Number         0  handlers.o ABSOLUTE
    init.s                                   0x00000000   Number         0  init.o ABSOLUTE
    startup_LPC17xx.s                        0x00000000   Number         0  startup_lpc17xx.o ABSOLUTE
    .ARM.Collect$$$$00000000                 0x000000cc   Section        0  entry.o(.ARM.Collect$$$$00000000)
    .ARM.Collect$$$$00000001                 0x000000cc   Section        4  entry2.o(.ARM.Collect$$$$00000001)
    .ARM.Collect$$$$00000004                 0x000000d0   Section        4  entry5.o(.ARM.Collect$$$$00000004)
    .ARM.Collect$$$$00000008                 0x000000d4   Section        0  entry7b.o(.ARM.Collect$$$$00000008)
    .ARM.Collect$$$$00000009                 0x000000d4   Section        8  entry8.o(.ARM.Collect$$$$00000009)
    .ARM.Collect$$$$00002712                 0x000000dc   Section        4  entry2.o(.ARM.Collect$$$$00002712)
    __lit__00000000                          0x000000dc   Data           4  entry2.o(.ARM.Collect$$$$00002712)
    .emb_text                                0x000000e0   Section      340  hal_cm3.o(.emb_text)
    .text                                    0x00000234   Section       36  startup_lpc17xx.o(.text)
    .text                                    0x00000258   Section        0  rtx_config.o(.text)
    .text                                    0x00000264   Section        0  led.o(.text)
    .text                                    0x000002e8   Section        0  iusefp.o(.text)
    SVC_TABLE                                0x000002e8   Section        4  SVC_Table.o(SVC_TABLE)
    i.__0printf$bare                         0x000002ec   Section        0  printfb.o(i.__0printf$bare)
    .ARM.__at_0x02FC                         0x000002fc   Section        4  startup_lpc17xx.o(.ARM.__at_0x02FC)
    .text                                    0x00000300   Section        0  uart.o(.text)
    NVIC_EnableIRQ                           0x00000659   Thumb Code    24  uart.o(.text)
    .text                                    0x000006ac   Section        0  retarget.o(.text)
    .text                                    0x0000074c   Section        0  system_lpc17xx.o(.text)
    .text                                    0x00000a64   Section        0  main.o(.text)
    .text                                    0x000010c8   Section        0  lcd_display.o(.text)
    .text                                    0x000011b8   Section        0  game_state.o(.text)
    .text                                    0x00001304   Section        0  joystick.o(.text)
    .text                                    0x00001390   Section        0  potentiometer.o(.text)
    .text                                    0x000013fc   Section        0  timer.o(.text)
    .text                                    0x00001468   Section        0  glcd_spi_lpc1700.o(.text)
    delay                                    0x00001469   Thumb Code    14  glcd_spi_lpc1700.o(.text)
    spi_tran_man                             0x00001477   Thumb Code   124  glcd_spi_lpc1700.o(.text)
    wr_cmd                                   0x000014f3   Thumb Code    36  glcd_spi_lpc1700.o(.text)
    wr_dat                                   0x00001517   Thumb Code    36  glcd_spi_lpc1700.o(.text)
    rd_reg                                   0x0000153b   Thumb Code    66  glcd_spi_lpc1700.o(.text)
    rd_id_man                                0x0000157d   Thumb Code   132  glcd_spi_lpc1700.o(.text)
    spi_tran                                 0x00001ffd   Thumb Code    26  glcd_spi_lpc1700.o(.text)
    wr_dat_start                             0x00002017   Thumb Code    16  glcd_spi_lpc1700.o(.text)
    wr_dat_stop                              0x00002027   Thumb Code     8  glcd_spi_lpc1700.o(.text)
    wr_dat_only                              0x0000202f   Thumb Code    18  glcd_spi_lpc1700.o(.text)
    wr_reg                                   0x00002041   Thumb Code    20  glcd_spi_lpc1700.o(.text)
    .text                                    0x00002070   Section        0  uldiv.o(.text)
    .text                                    0x000020d2   Section        0  dadd.o(.text)
    .text                                    0x00002220   Section        0  dfltui.o(.text)
    .text                                    0x0000223a   Section        0  dfixui.o(.text)
    .text                                    0x0000226c   Section        0  llshl.o(.text)
    .text                                    0x0000228a   Section        0  llushr.o(.text)
    .text                                    0x000022aa   Section        0  llsshr.o(.text)
    .text                                    0x000022ce   Section        0  depilogue.o(.text)
    .text                                    0x0000238c   Section       40  cdrcmple.o(.text)
    .text                                    0x000023b4   Section       36  init.o(.text)
    i.__scatterload_copy                     0x000023d8   Section       14  handlers.o(i.__scatterload_copy)
    i.__scatterload_null                     0x000023e6   Section        2  handlers.o(i.__scatterload_null)
    i.__scatterload_zeroinit                 0x000023e8   Section       14  handlers.o(i.__scatterload_zeroinit)
    i._init_box                              0x000023f6   Section        0  rt_membox.o(i._init_box)
    i._printf_core                           0x0000243c   Section        0  printfb.o(i._printf_core)
    _printf_core                             0x0000243d   Thumb Code    34  printfb.o(i._printf_core)
    i.ceil                                   0x00002460   Section        0  ceil.o(i.ceil)
    i.dbg_init                               0x0000253c   Section        0  hal_cm3.o(i.dbg_init)
    i.dbg_task_notify                        0x0000256c   Section        0  hal_cm3.o(i.dbg_task_notify)
    i.dbg_task_switch                        0x0000258c   Section        0  hal_cm3.o(i.dbg_task_switch)
    i.os_tick_init                           0x0000259c   Section        0  rt_system.o(i.os_tick_init)
    i.os_tick_irqack                         0x000025c4   Section        0  rt_system.o(i.os_tick_irqack)
    i.rt_alloc_box                           0x000025c6   Section        0  rt_membox.o(i.rt_alloc_box)
    i.rt_block                               0x000025e0   Section        0  rt_task.o(i.rt_block)
    i.rt_chk_robin                           0x00002618   Section        0  rt_robin.o(i.rt_chk_robin)
    i.rt_dec_dly                             0x00002660   Section        0  rt_list.o(i.rt_dec_dly)
    i.rt_dispatch                            0x000026d4   Section        0  rt_task.o(i.rt_dispatch)
    i.rt_evt_clr                             0x00002718   Section        0  rt_event.o(i.rt_evt_clr)
    i.rt_evt_psh                             0x00002734   Section        0  rt_event.o(i.rt_evt_psh)
    i.rt_evt_set                             0x00002780   Section        0  rt_event.o(i.rt_evt_set)
    i.rt_evt_wait                            0x000027e0   Section        0  rt_event.o(i.rt_evt_wait)
    i.rt_free_box                            0x00002820   Section        0  rt_membox.o(i.rt_free_box)
    i.rt_get_first                           0x00002840   Section        0  rt_list.o(i.rt_get_first)
    i.rt_get_same_rdy_prio                   0x00002868   Section        0  rt_list.o(i.rt_get_same_rdy_prio)
    i.rt_init_context                        0x0000288c   Section        0  rt_task.o(i.rt_init_context)
    rt_init_context                          0x0000288d   Thumb Code    64  rt_task.o(i.rt_init_context)
    i.rt_init_robin                          0x000028d0   Section        0  rt_robin.o(i.rt_init_robin)
    i.rt_init_stack                          0x000028e8   Section        0  hal_cm3.o(i.rt_init_stack)
    i.rt_mbx_psh                             0x00002938   Section        0  rt_mailbox.o(i.rt_mbx_psh)
    i.rt_mut_init                            0x000029f8   Section        0  rt_mutex.o(i.rt_mut_init)
    i.rt_mut_release                         0x00002a08   Section        0  rt_mutex.o(i.rt_mut_release)
    i.rt_mut_wait                            0x00002ab4   Section        0  rt_mutex.o(i.rt_mut_wait)
    i.rt_pop_req                             0x00002b18   Section        0  rt_system.o(i.rt_pop_req)
    i.rt_put_dly                             0x00002b90   Section        0  rt_list.o(i.rt_put_dly)
    i.rt_put_prio                            0x00002bd8   Section        0  rt_list.o(i.rt_put_prio)
    i.rt_put_rdy_first                       0x00002c10   Section        0  rt_list.o(i.rt_put_rdy_first)
    i.rt_resort_prio                         0x00002c24   Section        0  rt_list.o(i.rt_resort_prio)
    i.rt_rmv_dly                             0x00002c58   Section        0  rt_list.o(i.rt_rmv_dly)
    i.rt_rmv_list                            0x00002c80   Section        0  rt_list.o(i.rt_rmv_list)
    i.rt_sem_psh                             0x00002cb0   Section        0  rt_semaphore.o(i.rt_sem_psh)
    i.rt_stk_check                           0x00002ce4   Section        0  rt_system.o(i.rt_stk_check)
    i.rt_switch_req                          0x00002d08   Section        0  rt_task.o(i.rt_switch_req)
    i.rt_sys_init                            0x00002d30   Section        0  rt_task.o(i.rt_sys_init)
    i.rt_systick                             0x00002e88   Section        0  rt_system.o(i.rt_systick)
    i.rt_tmr_tick                            0x00002ec4   Section        0  rt_timer.o(i.rt_tmr_tick)
    i.rt_tsk_create                          0x00002f04   Section        0  rt_task.o(i.rt_tsk_create)
    i.rt_tsk_delete                          0x00002f98   Section        0  rt_task.o(i.rt_tsk_delete)
    i.rt_tsk_pass                            0x00003054   Section        0  rt_task.o(i.rt_tsk_pass)
    .constdata                               0x00003084   Section       40  rtx_config.o(.constdata)
    __tagsym$$used                           0x00003098   Number         0  rtx_config.o(.constdata)
    __tagsym$$used                           0x0000309c   Number         0  rtx_config.o(.constdata)
    .constdata                               0x000030ac   Section        8  led.o(.constdata)
    .constdata                               0x000030b4   Section     6272  glcd_spi_lpc1700.o(.constdata)
    STACK                                    0x10000000   Section     8192  startup_lpc17xx.o(STACK)
    .data                                    0x2007c000   Section        4  rtx_config.o(.data)
    .data                                    0x2007c004   Section       32  uart.o(.data)
    .data                                    0x2007c024   Section       12  retarget.o(.data)
    .data                                    0x2007c030   Section        4  system_lpc17xx.o(.data)
    .data                                    0x2007c034   Section       44  main.o(.data)
    .data                                    0x2007c060   Section        9  glcd_spi_lpc1700.o(.data)
    Color                                    0x2007c060   Data           4  glcd_spi_lpc1700.o(.data)
    y                                        0x2007c064   Data           4  glcd_spi_lpc1700.o(.data)
    Himax                                    0x2007c068   Data           1  glcd_spi_lpc1700.o(.data)
    .data                                    0x2007c06c   Section        8  rt_task.o(.data)
    .data                                    0x2007c074   Section        1  hal_cm3.o(.data)
    .data                                    0x2007c078   Section        8  rt_system.o(.data)
    os_lock                                  0x2007c078   Data           1  rt_system.o(.data)
    os_psh_flag                              0x2007c079   Data           1  rt_system.o(.data)
    pend_flags                               0x2007c07a   Data           1  rt_system.o(.data)
    .data                                    0x2007c080   Section        8  rt_robin.o(.data)
    .data                                    0x2007c088   Section        4  rt_time.o(.data)
    .data                                    0x2007c08c   Section        8  rt_timer.o(.data)
    .bss                                     0x2007c098   Section     4060  rtx_config.o(.bss)
    .bss                                     0x2007d074   Section      128  uart.o(.bss)
    .bss                                     0x2007d0f4   Section       48  main.o(.bss)
    .bss                                     0x2007d124   Section       48  rt_task.o(.bss)
    .bss                                     0x2007d154   Section       48  rt_list.o(.bss)

    Global Symbols

    Symbol Name                              Value     Ov Type        Size  Object(Section)

    BuildAttributes$$THM_ISAv4$P$D$K$B$S$PE$A:L22UL41UL21$X:L11$S22US41US21$IEEE1$IW$USESV6$~STKCKD$USESV7$~SHL$OTIME$ROPI$IEEEJ$EBA8$MICROLIB$REQ8$PRES8$EABIv2 0x00000000   Number         0  anon$$obj.o ABSOLUTE
    __ARM_use_no_argv                        0x00000000   Number         0  main.o ABSOLUTE
    __Vectors                                0x00000000   Data           4  startup_lpc17xx.o(RESET)
    __decompress                              - Undefined Weak Reference
    _clock_init                               - Undefined Weak Reference
    __main                                   0x000000cd   Thumb Code     0  entry.o(.ARM.Collect$$$$00000000)
    _main_stk                                0x000000cd   Thumb Code     0  entry2.o(.ARM.Collect$$$$00000001)
    _main_scatterload                        0x000000d1   Thumb Code     0  entry5.o(.ARM.Collect$$$$00000004)
    __main_after_scatterload                 0x000000d5   Thumb Code     0  entry5.o(.ARM.Collect$$$$00000004)
    _main_clock                              0x000000d5   Thumb Code     0  entry7b.o(.ARM.Collect$$$$00000008)
    _main_init                               0x000000d5   Thumb Code     0  entry8.o(.ARM.Collect$$$$00000009)
    rt_set_PSP                               0x000000e1   Thumb Code     6  hal_cm3.o(.emb_text)
    rt_get_PSP                               0x000000e7   Thumb Code     6  hal_cm3.o(.emb_text)
    os_set_env                               0x000000ed   Thumb Code    24  hal_cm3.o(.emb_text)
    _alloc_box                               0x00000109   Thumb Code    28  hal_cm3.o(.emb_text)
    _free_box                                0x00000129   Thumb Code    28  hal_cm3.o(.emb_text)
    SVC_Handler                              0x00000149   Thumb Code   124  hal_cm3.o(.emb_text)
    PendSV_Handler                           0x000001d1   Thumb Code    76  hal_cm3.o(.emb_text)
    SysTick_Handler                          0x00000221   Thumb Code     8  hal_cm3.o(.emb_text)
    OS_Tick_Handler                          0x00000229   Thumb Code    12  hal_cm3.o(.emb_text)
    Reset_Handler                            0x00000235   Thumb Code     8  startup_lpc17xx.o(.text)
    NMI_Handler                              0x0000023d   Thumb Code     2  startup_lpc17xx.o(.text)
    HardFault_Handler                        0x0000023f   Thumb Code     2  startup_lpc17xx.o(.text)
    MemManage_Handler                        0x00000241   Thumb Code     2  startup_lpc17xx.o(.text)
    BusFault_Handler                         0x00000243   Thumb Code     2  startup_lpc17xx.o(.text)
    UsageFault_Handler                       0x00000245   Thumb Code     2  startup_lpc17xx.o(.text)
    DebugMon_Handler                         0x00000249   Thumb Code     2  startup_lpc17xx.o(.text)
    ADC_IRQHandler                           0x0000024f   Thumb Code     0  startup_lpc17xx.o(.text)
    BOD_IRQHandler                           0x0000024f   Thumb Code     0  startup_lpc17xx.o(.text)
    CANActivity_IRQHandler                   0x0000024f   Thumb Code     0  startup_lpc17xx.o(.text)
    CAN_IRQHandler                           0x0000024f   Thumb Code     0  startup_lpc17xx.o(.text)
    DMA_IRQHandler                           0x0000024f   Thumb Code     0  startup_lpc17xx.o(.text)
    EINT0_IRQHandler                         0x0000024f   Thumb Code     0  startup_lpc17xx.o(.text)
    EINT1_IRQHandler                         0x0000024f   Thumb Code     0  startup_lpc17xx.o(.text)
    EINT2_IRQHandler                         0x0000024f   Thumb Code     0  startup_lpc17xx.o(.text)
    ENET_IRQHandler                          0x0000024f   Thumb Code     0  startup_lpc17xx.o(.text)
    I2C0_IRQHandler                          0x0000024f   Thumb Code     0  startup_lpc17xx.o(.text)
    I2C1_IRQHandler                          0x0000024f   Thumb Code     0  startup_lpc17xx.o(.text)
    I2C2_IRQHandler                          0x0000024f   Thumb Code     0  startup_lpc17xx.o(.text)
    I2S_IRQHandler                           0x0000024f   Thumb Code     0  startup_lpc17xx.o(.text)
    MCPWM_IRQHandler                         0x0000024f   Thumb Code     0  startup_lpc17xx.o(.text)
    PLL0_IRQHandler                          0x0000024f   Thumb Code     0  startup_lpc17xx.o(.text)
    PLL1_IRQHandler                          0x0000024f   Thumb Code     0  startup_lpc17xx.o(.text)
    PWM1_IRQHandler                          0x0000024f   Thumb Code     0  startup_lpc17xx.o(.text)
    QEI_IRQHandler                           0x0000024f   Thumb Code     0  startup_lpc17xx.o(.text)
    RIT_IRQHandler                           0x0000024f   Thumb Code     0  startup_lpc17xx.o(.text)
    RTC_IRQHandler                           0x0000024f   Thumb Code     0  startup_lpc17xx.o(.text)
    SPI_IRQHandler                           0x0000024f   Thumb Code     0  startup_lpc17xx.o(.text)
    SSP0_IRQHandler                          0x0000024f   Thumb Code     0  startup_lpc17xx.o(.text)
    SSP1_IRQHandler                          0x0000024f   Thumb Code     0  startup_lpc17xx.o(.text)
    TIMER0_IRQHandler                        0x0000024f   Thumb Code     0  startup_lpc17xx.o(.text)
    TIMER1_IRQHandler                        0x0000024f   Thumb Code     0  startup_lpc17xx.o(.text)
    TIMER2_IRQHandler                        0x0000024f   Thumb Code     0  startup_lpc17xx.o(.text)
    TIMER3_IRQHandler                        0x0000024f   Thumb Code     0  startup_lpc17xx.o(.text)
    UART2_IRQHandler                         0x0000024f   Thumb Code     0  startup_lpc17xx.o(.text)
    UART3_IRQHandler                         0x0000024f   Thumb Code     0  startup_lpc17xx.o(.text)
    USBActivity_IRQHandler                   0x0000024f   Thumb Code     0  startup_lpc17xx.o(.text)
    USB_IRQHandler                           0x0000024f   Thumb Code     0  startup_lpc17xx.o(.text)
    WDT_IRQHandler                           0x0000024f   Thumb Code     0  startup_lpc17xx.o(.text)
    os_idle_demon                            0x00000259   Thumb Code     4  rtx_config.o(.text)
    os_tmr_call                              0x0000025d   Thumb Code     2  rtx_config.o(.text)
    os_error                                 0x0000025f   Thumb Code     4  rtx_config.o(.text)
    LED_setup                                0x00000265   Thumb Code    34  led.o(.text)
    LED_set                                  0x00000287   Thumb Code    26  led.o(.text)
    LED_clear                                0x000002a1   Thumb Code    26  led.o(.text)
    LED_display                              0x000002bb   Thumb Code    38  led.o(.text)
    SVC_Count                                0x000002e8   Data           4  SVC_Table.o(SVC_TABLE)
    __I$use$fp                               0x000002e9   Thumb Code     0  iusefp.o(.text)
    SVC_Table                                0x000002ec   Data           0  SVC_Table.o(SVC_TABLE)
    __0printf$bare                           0x000002ed   Thumb Code     8  printfb.o(i.__0printf$bare)
    __1printf$bare                           0x000002ed   Thumb Code     0  printfb.o(i.__0printf$bare)
    __2printf                                0x000002ed   Thumb Code     0  printfb.o(i.__0printf$bare)
    Free                                     0x00000301   Thumb Code     6  uart.o(.text)
    Lock                                     0x00000307   Thumb Code    28  uart.o(.text)
    LockRcv                                  0x00000323   Thumb Code    28  uart.o(.text)
    LockSnd                                  0x0000033f   Thumb Code    28  uart.o(.text)
    FreeRcv                                  0x0000035b   Thumb Code    28  uart.o(.text)
    FreeSnd                                  0x00000377   Thumb Code    28  uart.o(.text)
    UART0_IRQHandler                         0x00000393   Thumb Code    86  uart.o(.text)
    UART1_IRQHandler                         0x000003e9   Thumb Code    88  uart.o(.text)
    getFrequency                             0x00000441   Thumb Code    64  uart.o(.text)
    __RL_RTX_VER                             0x00000460   Number         0  rt_system.o ABSOLUTE
    UARTInit                                 0x00000481   Thumb Code   176  uart.o(.text)
    UARTSend                                 0x00000531   Thumb Code   112  uart.o(.text)
    UARTSendChar                             0x000005a1   Thumb Code    24  uart.o(.text)
    UARTRecieve                              0x000005b9   Thumb Code   134  uart.o(.text)
    UARTReceiveChar                          0x0000063f   Thumb Code    26  uart.o(.text)
    sendchar                                 0x000006ad   Thumb Code    64  retarget.o(.text)
    getkey                                   0x000006ed   Thumb Code    32  retarget.o(.text)
    fputc                                    0x0000070d   Thumb Code    14  retarget.o(.text)
    fgetc                                    0x0000071b   Thumb Code    20  retarget.o(.text)
    ferror                                   0x0000072f   Thumb Code     8  retarget.o(.text)
    _ttywrch                                 0x00000737   Thumb Code    12  retarget.o(.text)
    _sys_exit                                0x00000743   Thumb Code     4  retarget.o(.text)
    SystemCoreClockUpdate                    0x0000074d   Thumb Code   424  system_lpc17xx.o(.text)
    SystemInit                               0x000008f5   Thumb Code   290  system_lpc17xx.o(.text)
    EINT3_IRQHandler                         0x00000a65   Thumb Code    24  main.o(.text)
    update_display_state                     0x00000a7d   Thumb Code   114  main.o(.text)
    update_LED                               0x00000aef   Thumb Code   168  main.o(.text)
    drop_block                               0x00000b97   Thumb Code   548  main.o(.text)
    update_speed                             0x00000dbb   Thumb Code   262  main.o(.text)
    move_block                               0x00000ec1   Thumb Code   262  main.o(.text)
    init_tasks                               0x00000fc7   Thumb Code   140  main.o(.text)
    main                                     0x00001053   Thumb Code    34  main.o(.text)
    draw_to_LCD                              0x000010c9   Thumb Code   196  lcd_display.o(.text)
    string_to_LCD                            0x0000118d   Thumb Code    28  lcd_display.o(.text)
    create_block                             0x000011b9   Thumb Code   138  game_state.o(.text)
    create_stack                             0x00001243   Thumb Code    58  game_state.o(.text)
    init_game                                0x0000127d   Thumb Code   126  game_state.o(.text)
    joystick_setup                           0x00001305   Thumb Code    26  joystick.o(.text)
    joystick_read                            0x0000131f   Thumb Code    12  joystick.o(.text)
    pushbutton_setup                         0x0000132b   Thumb Code    70  joystick.o(.text)
    pushbutton_read                          0x00001371   Thumb Code    10  joystick.o(.text)
    potentiometer_setup                      0x00001391   Thumb Code    44  potentiometer.o(.text)
    potentiometer_read                       0x000013bd   Thumb Code    40  potentiometer.o(.text)
    timer_setup                              0x000013fd   Thumb Code    46  timer.o(.text)
    timer_read                               0x0000142b   Thumb Code    16  timer.o(.text)
    timer_reset                              0x0000143b   Thumb Code    10  timer.o(.text)
    timer_delay                              0x00001445   Thumb Code    20  timer.o(.text)
    GLCD_Init                                0x00001601   Thumb Code  1512  glcd_spi_lpc1700.o(.text)
    GLCD_SetWindow                           0x00001be9   Thumb Code   168  glcd_spi_lpc1700.o(.text)
    GLCD_WindowMax                           0x00001c91   Thumb Code    28  glcd_spi_lpc1700.o(.text)
    GLCD_PutPixel                            0x00001cad   Thumb Code   118  glcd_spi_lpc1700.o(.text)
    GLCD_SetTextColor                        0x00001d23   Thumb Code     6  glcd_spi_lpc1700.o(.text)
    GLCD_SetBackColor                        0x00001d29   Thumb Code     6  glcd_spi_lpc1700.o(.text)
    GLCD_Clear                               0x00001d2f   Thumb Code    42  glcd_spi_lpc1700.o(.text)
    GLCD_DrawChar                            0x00001d59   Thumb Code   150  glcd_spi_lpc1700.o(.text)
    GLCD_DisplayChar                         0x00001def   Thumb Code    84  glcd_spi_lpc1700.o(.text)
    GLCD_DisplayString                       0x00001e43   Thumb Code    40  glcd_spi_lpc1700.o(.text)
    GLCD_ClearLn                             0x00001e6b   Thumb Code    94  glcd_spi_lpc1700.o(.text)
    GLCD_Bargraph                            0x00001ec9   Thumb Code    98  glcd_spi_lpc1700.o(.text)
    GLCD_Bitmap                              0x00001f2b   Thumb Code    82  glcd_spi_lpc1700.o(.text)
    GLCD_ScrollVertical                      0x00001f7d   Thumb Code   100  glcd_spi_lpc1700.o(.text)
    GLCD_WrCmd                               0x00001fe1   Thumb Code    12  glcd_spi_lpc1700.o(.text)
    GLCD_WrReg                               0x00001fed   Thumb Code    16  glcd_spi_lpc1700.o(.text)
    __aeabi_uldivmod                         0x00002071   Thumb Code    98  uldiv.o(.text)
    __aeabi_dadd                             0x000020d3   Thumb Code   322  dadd.o(.text)
    __aeabi_dsub                             0x00002215   Thumb Code     6  dadd.o(.text)
    __aeabi_drsub                            0x0000221b   Thumb Code     6  dadd.o(.text)
    __aeabi_ui2d                             0x00002221   Thumb Code    26  dfltui.o(.text)
    __aeabi_d2uiz                            0x0000223b   Thumb Code    50  dfixui.o(.text)
    __aeabi_llsl                             0x0000226d   Thumb Code    30  llshl.o(.text)
    _ll_shift_l                              0x0000226d   Thumb Code     0  llshl.o(.text)
    __aeabi_llsr                             0x0000228b   Thumb Code    32  llushr.o(.text)
    _ll_ushift_r                             0x0000228b   Thumb Code     0  llushr.o(.text)
    __aeabi_lasr                             0x000022ab   Thumb Code    36  llsshr.o(.text)
    _ll_sshift_r                             0x000022ab   Thumb Code     0  llsshr.o(.text)
    _double_round                            0x000022cf   Thumb Code    26  depilogue.o(.text)
    _double_epilogue                         0x000022e9   Thumb Code   164  depilogue.o(.text)
    __aeabi_cdrcmple                         0x0000238d   Thumb Code    38  cdrcmple.o(.text)
    __scatterload                            0x000023b5   Thumb Code    28  init.o(.text)
    __scatterload_rt2                        0x000023b5   Thumb Code     0  init.o(.text)
    __scatterload_copy                       0x000023d9   Thumb Code    14  handlers.o(i.__scatterload_copy)
    __scatterload_null                       0x000023e7   Thumb Code     2  handlers.o(i.__scatterload_null)
    __scatterload_zeroinit                   0x000023e9   Thumb Code    14  handlers.o(i.__scatterload_zeroinit)
    _init_box                                0x000023f7   Thumb Code    70  rt_membox.o(i._init_box)
    ceil                                     0x00002461   Thumb Code   204  ceil.o(i.ceil)
    dbg_init                                 0x0000253d   Thumb Code    34  hal_cm3.o(i.dbg_init)
    dbg_task_notify                          0x0000256d   Thumb Code    32  hal_cm3.o(i.dbg_task_notify)
    dbg_task_switch                          0x0000258d   Thumb Code    16  hal_cm3.o(i.dbg_task_switch)
    os_tick_init                             0x0000259d   Thumb Code    32  rt_system.o(i.os_tick_init)
    os_tick_irqack                           0x000025c5   Thumb Code     2  rt_system.o(i.os_tick_irqack)
    rt_alloc_box                             0x000025c7   Thumb Code    26  rt_membox.o(i.rt_alloc_box)
    rt_block                                 0x000025e1   Thumb Code    48  rt_task.o(i.rt_block)
    rt_chk_robin                             0x00002619   Thumb Code    60  rt_robin.o(i.rt_chk_robin)
    rt_dec_dly                               0x00002661   Thumb Code   106  rt_list.o(i.rt_dec_dly)
    rt_dispatch                              0x000026d5   Thumb Code    60  rt_task.o(i.rt_dispatch)
    rt_evt_clr                               0x00002719   Thumb Code    22  rt_event.o(i.rt_evt_clr)
    rt_evt_psh                               0x00002735   Thumb Code    72  rt_event.o(i.rt_evt_psh)
    rt_evt_set                               0x00002781   Thumb Code    90  rt_event.o(i.rt_evt_set)
    rt_evt_wait                              0x000027e1   Thumb Code    58  rt_event.o(i.rt_evt_wait)
    rt_free_box                              0x00002821   Thumb Code    32  rt_membox.o(i.rt_free_box)
    rt_get_first                             0x00002841   Thumb Code    40  rt_list.o(i.rt_get_first)
    rt_get_same_rdy_prio                     0x00002869   Thumb Code    26  rt_list.o(i.rt_get_same_rdy_prio)
    rt_init_robin                            0x000028d1   Thumb Code    14  rt_robin.o(i.rt_init_robin)
    rt_init_stack                            0x000028e9   Thumb Code    70  hal_cm3.o(i.rt_init_stack)
    rt_mbx_psh                               0x00002939   Thumb Code   188  rt_mailbox.o(i.rt_mbx_psh)
    rt_mut_init                              0x000029f9   Thumb Code    16  rt_mutex.o(i.rt_mut_init)
    rt_mut_release                           0x00002a09   Thumb Code   164  rt_mutex.o(i.rt_mut_release)
    rt_mut_wait                              0x00002ab5   Thumb Code    96  rt_mutex.o(i.rt_mut_wait)
    rt_pop_req                               0x00002b19   Thumb Code   106  rt_system.o(i.rt_pop_req)
    rt_put_dly                               0x00002b91   Thumb Code    68  rt_list.o(i.rt_put_dly)
    rt_put_prio                              0x00002bd9   Thumb Code    54  rt_list.o(i.rt_put_prio)
    rt_put_rdy_first                         0x00002c11   Thumb Code    14  rt_list.o(i.rt_put_rdy_first)
    rt_resort_prio                           0x00002c25   Thumb Code    46  rt_list.o(i.rt_resort_prio)
    rt_rmv_dly                               0x00002c59   Thumb Code    40  rt_list.o(i.rt_rmv_dly)
    rt_rmv_list                              0x00002c81   Thumb Code    44  rt_list.o(i.rt_rmv_list)
    rt_sem_psh                               0x00002cb1   Thumb Code    46  rt_semaphore.o(i.rt_sem_psh)
    rt_stk_check                             0x00002ce5   Thumb Code    28  rt_system.o(i.rt_stk_check)
    rt_switch_req                            0x00002d09   Thumb Code    30  rt_task.o(i.rt_switch_req)
    rt_sys_init                              0x00002d31   Thumb Code   266  rt_task.o(i.rt_sys_init)
    rt_systick                               0x00002e89   Thumb Code    48  rt_system.o(i.rt_systick)
    rt_tmr_tick                              0x00002ec5   Thumb Code    56  rt_timer.o(i.rt_tmr_tick)
    rt_tsk_create                            0x00002f05   Thumb Code   126  rt_task.o(i.rt_tsk_create)
    rt_tsk_delete                            0x00002f99   Thumb Code   162  rt_task.o(i.rt_tsk_delete)
    rt_tsk_pass                              0x00003055   Thumb Code    38  rt_task.o(i.rt_tsk_pass)
    os_maxtaskrun                            0x00003084   Data           2  rtx_config.o(.constdata)
    os_stackinfo                             0x00003088   Data           4  rtx_config.o(.constdata)
    os_rrobin                                0x0000308c   Data           4  rtx_config.o(.constdata)
    os_trv                                   0x00003090   Data           4  rtx_config.o(.constdata)
    os_flags                                 0x00003094   Data           1  rtx_config.o(.constdata)
    os_clockrate                             0x00003098   Data           4  rtx_config.o(.constdata)
    os_timernum                              0x0000309c   Data           4  rtx_config.o(.constdata)
    mp_tcb_size                              0x000030a0   Data           2  rtx_config.o(.constdata)
    mp_stk_size                              0x000030a4   Data           4  rtx_config.o(.constdata)
    os_fifo_size                             0x000030a8   Data           1  rtx_config.o(.constdata)
    mp_tmr_size                              0x000030aa   Data           2  rtx_config.o(.constdata)
    led_pos                                  0x000030ac   Data           8  led.o(.constdata)
    Font_6x8_h                               0x000030b4   Data         896  glcd_spi_lpc1700.o(.constdata)
    Font_16x24_h                             0x00003434   Data        5376  glcd_spi_lpc1700.o(.constdata)
    Region$$Table$$Base                      0x00004934   Number         0  anon$$obj.o(Region$$Table)
    Region$$Table$$Limit                     0x00004964   Number         0  anon$$obj.o(Region$$Table)
    __initial_sp                             0x10002000   Data           0  startup_lpc17xx.o(STACK)
    m_tmr                                    0x2007c000   Data           4  rtx_config.o(.data)
    ITM_RxBuffer                             0x2007c004   Data           4  uart.o(.data)
    UART0TxEmpty                             0x2007c008   Data           1  uart.o(.data)
    UART1TxEmpty                             0x2007c009   Data           1  uart.o(.data)
    UART0Count                               0x2007c00c   Data           4  uart.o(.data)
    UART1Count                               0x2007c010   Data           4  uart.o(.data)
    i                                        0x2007c014   Data           4  uart.o(.data)
    UART0Status                              0x2007c018   Data           4  uart.o(.data)
    UART1Status                              0x2007c01c   Data           4  uart.o(.data)
    RcvLock0                                 0x2007c020   Data           1  uart.o(.data)
    SndLock0                                 0x2007c021   Data           1  uart.o(.data)
    RcvLock1                                 0x2007c022   Data           1  uart.o(.data)
    SndLock1                                 0x2007c023   Data           1  uart.o(.data)
    uart_init_called                         0x2007c024   Data           1  retarget.o(.data)
    __stdout                                 0x2007c028   Data           4  retarget.o(.data)
    __stdin                                  0x2007c02c   Data           4  retarget.o(.data)
    SystemCoreClock                          0x2007c030   Data           4  system_lpc17xx.o(.data)
    block                                    0x2007c034   Data           4  main.o(.data)
    stack                                    0x2007c038   Data           4  main.o(.data)
    display_state                            0x2007c03c   Data           4  main.o(.data)
    old_state                                0x2007c040   Data           4  main.o(.data)
    check_isr                                0x2007c044   Data           4  main.o(.data)
    from_pot                                 0x2007c048   Data           1  main.o(.data)
    tid_move_block                           0x2007c04c   Data           4  main.o(.data)
    tid_update_speed                         0x2007c050   Data           4  main.o(.data)
    tid_drop_block                           0x2007c054   Data           4  main.o(.data)
    tid_display_state                        0x2007c058   Data           4  main.o(.data)
    tid_update_LED                           0x2007c05c   Data           4  main.o(.data)
    os_tsk                                   0x2007c06c   Data           8  rt_task.o(.data)
    dbg_msg                                  0x2007c074   Data           1  hal_cm3.o(.data)
    os_tick_irqn                             0x2007c07c   Data           4  rt_system.o(.data)
    os_robin                                 0x2007c080   Data           8  rt_robin.o(.data)
    os_time                                  0x2007c088   Data           4  rt_time.o(.data)
    os_tmr                                   0x2007c08c   Data           8  rt_timer.o(.data)
    mp_tcb                                   0x2007c098   Data         300  rtx_config.o(.bss)
    mp_stk                                   0x2007c1c8   Data        3600  rtx_config.o(.bss)
    os_fifo                                  0x2007cfd8   Data         132  rtx_config.o(.bss)
    os_active_TCB                            0x2007d05c   Data          24  rtx_config.o(.bss)
    UART0Buffer                              0x2007d074   Data          64  uart.o(.bss)
    UART1Buffer                              0x2007d0b4   Data          64  uart.o(.bss)
    sem_speed                                0x2007d0f4   Data          12  main.o(.bss)
    sem_pos                                  0x2007d100   Data          12  main.o(.bss)
    sem_button                               0x2007d10c   Data          12  main.o(.bss)
    sem_display_state                        0x2007d118   Data          12  main.o(.bss)
    os_idle_TCB                              0x2007d124   Data          48  rt_task.o(.bss)
    os_rdy                                   0x2007d154   Data          24  rt_list.o(.bss)
    os_dly                                   0x2007d16c   Data          24  rt_list.o(.bss)



==============================================================================

Memory Map of the image

  Image Entry point : 0x000000cd

  Load Region LR_IROM1 (Base: 0x00000000, Size: 0x000049f8, Max: 0x00080000, ABSOLUTE)

    Execution Region ER_IROM1 (Base: 0x00000000, Size: 0x00004964, Max: 0x00080000, ABSOLUTE)

    Base Addr    Size         Type   Attr      Idx    E Section Name        Object

    0x00000000   0x000000cc   Data   RO            3    RESET               startup_lpc17xx.o
    0x000000cc   0x00000000   Code   RO          997  * .ARM.Collect$$$$00000000  mc_w.l(entry.o)
    0x000000cc   0x00000004   Code   RO         1268    .ARM.Collect$$$$00000001  mc_w.l(entry2.o)
    0x000000d0   0x00000004   Code   RO         1271    .ARM.Collect$$$$00000004  mc_w.l(entry5.o)
    0x000000d4   0x00000000   Code   RO         1273    .ARM.Collect$$$$00000008  mc_w.l(entry7b.o)
    0x000000d4   0x00000008   Code   RO         1274    .ARM.Collect$$$$00000009  mc_w.l(entry8.o)
    0x000000dc   0x00000004   Code   RO         1269    .ARM.Collect$$$$00002712  mc_w.l(entry2.o)
    0x000000e0   0x00000154   Code   RO          587    .emb_text           RTX_CM3.LIB(hal_cm3.o)
    0x00000234   0x00000024   Code   RO            5    .text               startup_lpc17xx.o
    0x00000258   0x0000000a   Code   RO           13    .text               rtx_config.o
    0x00000262   0x00000002   PAD
    0x00000264   0x00000084   Code   RO          251    .text               led.o
    0x000002e8   0x00000000   Code   RO         1283    .text               mc_w.l(iusefp.o)
    0x000002e8   0x00000004   Code   RO          846    SVC_TABLE           RTX_CM3.LIB(SVC_Table.o)
    0x000002ec   0x00000010   Code   RO         1003    i.__0printf$bare    mc_w.l(printfb.o)
    0x000002fc   0x00000004   Code   RO            4    .ARM.__at_0x02FC    startup_lpc17xx.o
    0x00000300   0x000003ac   Code   RO           39    .text               uart.o
    0x000006ac   0x000000a0   Code   RO           83    .text               retarget.o
    0x0000074c   0x00000318   Code   RO          107    .text               system_lpc17xx.o
    0x00000a64   0x00000664   Code   RO          140    .text               main.o
    0x000010c8   0x000000f0   Code   RO          207    .text               lcd_display.o
    0x000011b8   0x0000014c   Code   RO          231    .text               game_state.o
    0x00001304   0x0000008c   Code   RO          274    .text               joystick.o
    0x00001390   0x0000006c   Code   RO          301    .text               potentiometer.o
    0x000013fc   0x0000006c   Code   RO          324    .text               timer.o
    0x00001468   0x00000c08   Code   RO          387    .text               glcd_spi_lpc1700.o
    0x00002070   0x00000062   Code   RO         1000    .text               mc_w.l(uldiv.o)
    0x000020d2   0x0000014e   Code   RO         1262    .text               mf_w.l(dadd.o)
    0x00002220   0x0000001a   Code   RO         1264    .text               mf_w.l(dfltui.o)
    0x0000223a   0x00000032   Code   RO         1266    .text               mf_w.l(dfixui.o)
    0x0000226c   0x0000001e   Code   RO         1277    .text               mc_w.l(llshl.o)
    0x0000228a   0x00000020   Code   RO         1279    .text               mc_w.l(llushr.o)
    0x000022aa   0x00000024   Code   RO         1281    .text               mc_w.l(llsshr.o)
    0x000022ce   0x000000be   Code   RO         1284    .text               mf_w.l(depilogue.o)
    0x0000238c   0x00000028   Code   RO         1292    .text               mf_w.l(cdrcmple.o)
    0x000023b4   0x00000024   Code   RO         1294    .text               mc_w.l(init.o)
    0x000023d8   0x0000000e   Code   RO         1298    i.__scatterload_copy  mc_w.l(handlers.o)
    0x000023e6   0x00000002   Code   RO         1299    i.__scatterload_null  mc_w.l(handlers.o)
    0x000023e8   0x0000000e   Code   RO         1300    i.__scatterload_zeroinit  mc_w.l(handlers.o)
    0x000023f6   0x00000046   Code   RO          813    i._init_box         RTX_CM3.LIB(rt_membox.o)
    0x0000243c   0x00000022   Code   RO         1010    i._printf_core      mc_w.l(printfb.o)
    0x0000245e   0x00000002   PAD
    0x00002460   0x000000dc   Code   RO          994    i.ceil              m_ws.l(ceil.o)
    0x0000253c   0x00000030   Code   RO          588    i.dbg_init          RTX_CM3.LIB(hal_cm3.o)
    0x0000256c   0x00000020   Code   RO          589    i.dbg_task_notify   RTX_CM3.LIB(hal_cm3.o)
    0x0000258c   0x00000010   Code   RO          590    i.dbg_task_switch   RTX_CM3.LIB(hal_cm3.o)
    0x0000259c   0x00000028   Code   RO          629    i.os_tick_init      RTX_CM3.LIB(rt_system.o)
    0x000025c4   0x00000002   Code   RO          630    i.os_tick_irqack    RTX_CM3.LIB(rt_system.o)
    0x000025c6   0x0000001a   Code   RO          814    i.rt_alloc_box      RTX_CM3.LIB(rt_membox.o)
    0x000025e0   0x00000038   Code   RO          418    i.rt_block          RTX_CM3.LIB(rt_task.o)
    0x00002618   0x00000048   Code   RO          791    i.rt_chk_robin      RTX_CM3.LIB(rt_robin.o)
    0x00002660   0x00000074   Code   RO          712    i.rt_dec_dly        RTX_CM3.LIB(rt_list.o)
    0x000026d4   0x00000044   Code   RO          419    i.rt_dispatch       RTX_CM3.LIB(rt_task.o)
    0x00002718   0x0000001c   Code   RO          518    i.rt_evt_clr        RTX_CM3.LIB(rt_event.o)
    0x00002734   0x0000004c   Code   RO          520    i.rt_evt_psh        RTX_CM3.LIB(rt_event.o)
    0x00002780   0x00000060   Code   RO          521    i.rt_evt_set        RTX_CM3.LIB(rt_event.o)
    0x000027e0   0x00000040   Code   RO          522    i.rt_evt_wait       RTX_CM3.LIB(rt_event.o)
    0x00002820   0x00000020   Code   RO          815    i.rt_free_box       RTX_CM3.LIB(rt_membox.o)
    0x00002840   0x00000028   Code   RO          713    i.rt_get_first      RTX_CM3.LIB(rt_list.o)
    0x00002868   0x00000024   Code   RO          714    i.rt_get_same_rdy_prio  RTX_CM3.LIB(rt_list.o)
    0x0000288c   0x00000044   Code   RO          420    i.rt_init_context   RTX_CM3.LIB(rt_task.o)
    0x000028d0   0x00000018   Code   RO          792    i.rt_init_robin     RTX_CM3.LIB(rt_robin.o)
    0x000028e8   0x00000050   Code   RO          591    i.rt_init_stack     RTX_CM3.LIB(hal_cm3.o)
    0x00002938   0x000000c0   Code   RO          853    i.rt_mbx_psh        RTX_CM3.LIB(rt_mailbox.o)
    0x000029f8   0x00000010   Code   RO          563    i.rt_mut_init       RTX_CM3.LIB(rt_mutex.o)
    0x00002a08   0x000000ac   Code   RO          564    i.rt_mut_release    RTX_CM3.LIB(rt_mutex.o)
    0x00002ab4   0x00000064   Code   RO          565    i.rt_mut_wait       RTX_CM3.LIB(rt_mutex.o)
    0x00002b18   0x00000078   Code   RO          631    i.rt_pop_req        RTX_CM3.LIB(rt_system.o)
    0x00002b90   0x00000048   Code   RO          716    i.rt_put_dly        RTX_CM3.LIB(rt_list.o)
    0x00002bd8   0x00000036   Code   RO          717    i.rt_put_prio       RTX_CM3.LIB(rt_list.o)
    0x00002c0e   0x00000002   PAD
    0x00002c10   0x00000014   Code   RO          718    i.rt_put_rdy_first  RTX_CM3.LIB(rt_list.o)
    0x00002c24   0x00000034   Code   RO          719    i.rt_resort_prio    RTX_CM3.LIB(rt_list.o)
    0x00002c58   0x00000028   Code   RO          720    i.rt_rmv_dly        RTX_CM3.LIB(rt_list.o)
    0x00002c80   0x00000030   Code   RO          721    i.rt_rmv_list       RTX_CM3.LIB(rt_list.o)
    0x00002cb0   0x00000034   Code   RO          899    i.rt_sem_psh        RTX_CM3.LIB(rt_semaphore.o)
    0x00002ce4   0x00000024   Code   RO          634    i.rt_stk_check      RTX_CM3.LIB(rt_system.o)
    0x00002d08   0x00000028   Code   RO          421    i.rt_switch_req     RTX_CM3.LIB(rt_task.o)
    0x00002d30   0x00000158   Code   RO          422    i.rt_sys_init       RTX_CM3.LIB(rt_task.o)
    0x00002e88   0x0000003c   Code   RO          636    i.rt_systick        RTX_CM3.LIB(rt_system.o)
    0x00002ec4   0x00000040   Code   RO          968    i.rt_tmr_tick       RTX_CM3.LIB(rt_timer.o)
    0x00002f04   0x00000094   Code   RO          423    i.rt_tsk_create     RTX_CM3.LIB(rt_task.o)
    0x00002f98   0x000000bc   Code   RO          424    i.rt_tsk_delete     RTX_CM3.LIB(rt_task.o)
    0x00003054   0x00000030   Code   RO          425    i.rt_tsk_pass       RTX_CM3.LIB(rt_task.o)
    0x00003084   0x00000028   Data   RO           15    .constdata          rtx_config.o
    0x000030ac   0x00000008   Data   RO          252    .constdata          led.o
    0x000030b4   0x00001880   Data   RO          388    .constdata          glcd_spi_lpc1700.o
    0x00004934   0x00000030   Data   RO         1296    Region$$Table       anon$$obj.o


    Execution Region RW_IRAM1 (Base: 0x10000000, Size: 0x00002000, Max: 0x00008000, ABSOLUTE)

    Base Addr    Size         Type   Attr      Idx    E Section Name        Object

    0x10000000   0x00002000   Zero   RW            1    STACK               startup_lpc17xx.o


    Execution Region RW_IRAM2 (Base: 0x2007c000, Size: 0x00001184, Max: 0x00008000, ABSOLUTE)

    Base Addr    Size         Type   Attr      Idx    E Section Name        Object

    0x2007c000   0x00000004   Data   RW           16    .data               rtx_config.o
    0x2007c004   0x00000020   Data   RW           41    .data               uart.o
    0x2007c024   0x0000000c   Data   RW           84    .data               retarget.o
    0x2007c030   0x00000004   Data   RW          108    .data               system_lpc17xx.o
    0x2007c034   0x0000002c   Data   RW          142    .data               main.o
    0x2007c060   0x00000009   Data   RW          389    .data               glcd_spi_lpc1700.o
    0x2007c069   0x00000003   PAD
    0x2007c06c   0x00000008   Data   RW          429    .data               RTX_CM3.LIB(rt_task.o)
    0x2007c074   0x00000001   Data   RW          592    .data               RTX_CM3.LIB(hal_cm3.o)
    0x2007c075   0x00000003   PAD
    0x2007c078   0x00000008   Data   RW          639    .data               RTX_CM3.LIB(rt_system.o)
    0x2007c080   0x00000008   Data   RW          793    .data               RTX_CM3.LIB(rt_robin.o)
    0x2007c088   0x00000004   Data   RW          937    .data               RTX_CM3.LIB(rt_time.o)
    0x2007c08c   0x00000008   Data   RW          969    .data               RTX_CM3.LIB(rt_timer.o)
    0x2007c094   0x00000004   PAD
    0x2007c098   0x00000fdc   Zero   RW           14    .bss                rtx_config.o
    0x2007d074   0x00000080   Zero   RW           40    .bss                uart.o
    0x2007d0f4   0x00000030   Zero   RW          141    .bss                main.o
    0x2007d124   0x00000030   Zero   RW          428    .bss                RTX_CM3.LIB(rt_task.o)
    0x2007d154   0x00000030   Zero   RW          722    .bss                RTX_CM3.LIB(rt_list.o)


==============================================================================

Image component sizes


      Code (inc. data)   RO Data    RW Data    ZI Data      Debug   Object Name

       332         10          0          0          0       1002   game_state.o
      3080         66       6272          9          0       8856   glcd_spi_lpc1700.o
       140         22          0          0          0      24595   joystick.o
       240         16          0          0          0        696   lcd_display.o
       132          8          8          0          0       1348   led.o
      1636        192          0         44         48      10598   main.o
       108         24          0          0          0        585   potentiometer.o
       160          6          0         12          0       3167   retarget.o
        10          0         40          4       4060       9984   rtx_config.o
        40         12        204          0       8192        840   startup_lpc17xx.o
       792         78          0          4          0        993   system_lpc17xx.o
       108         16          0          0          0        769   timer.o
       940         60          0         32        128      48355   uart.o

    ----------------------------------------------------------------------
      7720        510       6572        108      12428     111788   Object Totals
         0          0         48          0          0          0   (incl. Generated)
         2          0          0          3          0          0   (incl. Padding)

    ----------------------------------------------------------------------

      Code (inc. data)   RO Data    RW Data    ZI Data      Debug   Library Member Name

         4          4          0          0          0        136   SVC_Table.o
       516         56          0          1          0       2465   hal_cm3.o
       264         22          0          0          0       2057   rt_event.o
       478         40          0          0         48       4249   rt_list.o
       192          4          0          0          0        605   rt_mailbox.o
       128          0          0          0          0       1489   rt_membox.o
       288         12          0          0          0       1601   rt_mutex.o
        96         22          0          8          0        962   rt_robin.o
        52          6          0          0          0        453   rt_semaphore.o
       258         42          0          8          0       2962   rt_system.o
       960        166          0          8         48       6716   rt_task.o
         0          0          0          4          0        150   rt_time.o
        64          8          0          8          0        583   rt_timer.o
       220         16          0          0          0         84   ceil.o
         0          0          0          0          0          0   entry.o
         8          4          0          0          0          0   entry2.o
         4          0          0          0          0          0   entry5.o
         0          0          0          0          0          0   entry7b.o
         8          4          0          0          0          0   entry8.o
        30          0          0          0          0          0   handlers.o
        36          8          0          0          0         68   init.o
         0          0          0          0          0          0   iusefp.o
        30          0          0          0          0         68   llshl.o
        36          0          0          0          0         68   llsshr.o
        32          0          0          0          0         68   llushr.o
        50          8          0          0          0        152   printfb.o
        98          0          0          0          0         92   uldiv.o
        40          2          0          0          0         68   cdrcmple.o
       334          0          0          0          0        144   dadd.o
       190          0          0          0          0        176   depilogue.o
        50          0          0          0          0         76   dfixui.o
        26          0          0          0          0         76   dfltui.o

    ----------------------------------------------------------------------
      4496        424          0         40        100      25568   Library Totals
         4          0          0          3          4          0   (incl. Padding)

    ----------------------------------------------------------------------

      Code (inc. data)   RO Data    RW Data    ZI Data      Debug   Library Name

      3300        382          0         37         96      24428   RTX_CM3.LIB
       220         16          0          0          0         84   m_ws.l
       332         24          0          0          0        516   mc_w.l
       640          2          0          0          0        540   mf_w.l

    ----------------------------------------------------------------------
      4496        424          0         40        100      25568   Library Totals

    ----------------------------------------------------------------------

==============================================================================


      Code (inc. data)   RO Data    RW Data    ZI Data      Debug   

     12216        934       6572        148      12528     133560   Grand Totals
     12216        934       6572        148      12528     133560   ELF Image Totals
     12216        934       6572        148          0          0   ROM Totals

==============================================================================

    Total RO  Size (Code + RO Data)                18788 (  18.35kB)
    Total RW  Size (RW Data + ZI Data)             12676 (  12.38kB)
    Total ROM Size (Code + RO Data + RW Data)      18936 (  18.49kB)

==============================================================================

