<html>
<body>
<pre>
<h1>µVision Build Log</h1>
<h2>Project:</h2>
N:\MTE241\Stacker\Source Code\Project4.uvproj
Project File Date:  07/06/2017

<h2>Output:</h2>
Rebuild target 'Target 1'
assembling startup_LPC17xx.s...
compiling system_LPC17xx.c...
compiling game_state.c...
compiling GLCD_Scroll.c...
compiling GLCD_SPI_LPC1700.c...
compiling joystick.c...
compiling lcd_display.c...
lcd_display.c(46): warning:  #167-D: argument of type "unsigned char *" is incompatible with parameter of type "char *restrict"
lcd_display.c(50): warning:  #167-D: argument of type "unsigned char *" is incompatible with parameter of type "char *restrict"
lcd_display.c(54): warning:  #167-D: argument of type "unsigned char *" is incompatible with parameter of type "char *restrict"
compiling led.c...
compiling Main.c...
compiling potentiometer.c...
compiling Retarget.c...
compiling RTX_config.c...
compiling timer.c...
compiling uart.c...
linking...
Project4.axf: Error: L6218E: Undefined symbol os_set_env (referred from main.o).
Project4.axf: Error: L6218E: Undefined symbol rt_evt_clr (referred from main.o).
Project4.axf: Error: L6218E: Undefined symbol rt_evt_set (referred from main.o).
Project4.axf: Error: L6218E: Undefined symbol rt_evt_wait (referred from main.o).
Project4.axf: Error: L6218E: Undefined symbol rt_mut_init (referred from main.o).
Project4.axf: Error: L6218E: Undefined symbol rt_mut_release (referred from main.o).
Project4.axf: Error: L6218E: Undefined symbol rt_mut_wait (referred from main.o).
Project4.axf: Error: L6218E: Undefined symbol rt_sys_init (referred from main.o).
Project4.axf: Error: L6218E: Undefined symbol rt_tsk_create (referred from main.o).
Project4.axf: Error: L6218E: Undefined symbol rt_tsk_delete (referred from main.o).
Project4.axf: Error: L6218E: Undefined symbol rt_tsk_self (referred from main.o).
Project4.axf: Error: L6218E: Undefined symbol rt_tsk_pass (referred from potentiometer.o).
Target not created
Build target 'Target 1'
compiling Main.c...
linking...
Project4.axf: Error: L6218E: Undefined symbol os_set_env (referred from main.o).
Project4.axf: Error: L6218E: Undefined symbol rt_evt_clr (referred from main.o).
Project4.axf: Error: L6218E: Undefined symbol rt_evt_set (referred from main.o).
Project4.axf: Error: L6218E: Undefined symbol rt_evt_wait (referred from main.o).
Project4.axf: Error: L6218E: Undefined symbol rt_mut_init (referred from main.o).
Project4.axf: Error: L6218E: Undefined symbol rt_mut_release (referred from main.o).
Project4.axf: Error: L6218E: Undefined symbol rt_mut_wait (referred from main.o).
Project4.axf: Error: L6218E: Undefined symbol rt_sys_init (referred from main.o).
Project4.axf: Error: L6218E: Undefined symbol rt_tsk_create (referred from main.o).
Project4.axf: Error: L6218E: Undefined symbol rt_tsk_delete (referred from main.o).
Project4.axf: Error: L6218E: Undefined symbol rt_tsk_self (referred from main.o).
Project4.axf: Error: L6218E: Undefined symbol rt_tsk_pass (referred from potentiometer.o).
Target not created
Build target 'Target 1'
linking...
Project4.axf: Error: L6218E: Undefined symbol os_set_env (referred from main.o).
Project4.axf: Error: L6218E: Undefined symbol rt_evt_clr (referred from main.o).
Project4.axf: Error: L6218E: Undefined symbol rt_evt_set (referred from main.o).
Project4.axf: Error: L6218E: Undefined symbol rt_evt_wait (referred from main.o).
Project4.axf: Error: L6218E: Undefined symbol rt_mut_init (referred from main.o).
Project4.axf: Error: L6218E: Undefined symbol rt_mut_release (referred from main.o).
Project4.axf: Error: L6218E: Undefined symbol rt_mut_wait (referred from main.o).
Project4.axf: Error: L6218E: Undefined symbol rt_sys_init (referred from main.o).
Project4.axf: Error: L6218E: Undefined symbol rt_tsk_create (referred from main.o).
Project4.axf: Error: L6218E: Undefined symbol rt_tsk_delete (referred from main.o).
Project4.axf: Error: L6218E: Undefined symbol rt_tsk_self (referred from main.o).
Project4.axf: Error: L6218E: Undefined symbol rt_tsk_pass (referred from potentiometer.o).
Target not created
Build target 'Target 1'
compiling ece_spi.c...
compiling sensor_fusion.c...
linking...
Project4.axf: Error: L6218E: Undefined symbol os_set_env (referred from main.o).
Project4.axf: Error: L6218E: Undefined symbol rt_evt_clr (referred from main.o).
Project4.axf: Error: L6218E: Undefined symbol rt_evt_set (referred from main.o).
Project4.axf: Error: L6218E: Undefined symbol rt_evt_wait (referred from main.o).
Project4.axf: Error: L6218E: Undefined symbol rt_mut_init (referred from main.o).
Project4.axf: Error: L6218E: Undefined symbol rt_mut_release (referred from main.o).
Project4.axf: Error: L6218E: Undefined symbol rt_mut_wait (referred from main.o).
Project4.axf: Error: L6218E: Undefined symbol rt_sys_init (referred from main.o).
Project4.axf: Error: L6218E: Undefined symbol rt_tsk_create (referred from main.o).
Project4.axf: Error: L6218E: Undefined symbol rt_tsk_delete (referred from main.o).
Project4.axf: Error: L6218E: Undefined symbol rt_tsk_self (referred from main.o).
Project4.axf: Error: L6218E: Undefined symbol rt_tsk_pass (referred from potentiometer.o).
Target not created
Rebuild target 'Target 1'
assembling startup_LPC17xx.s...
compiling system_LPC17xx.c...
compiling game_state.c...
compiling GLCD_Scroll.c...
compiling GLCD_SPI_LPC1700.c...
compiling joystick.c...
compiling lcd_display.c...
lcd_display.c(46): warning:  #167-D: argument of type "unsigned char *" is incompatible with parameter of type "char *restrict"
lcd_display.c(50): warning:  #167-D: argument of type "unsigned char *" is incompatible with parameter of type "char *restrict"
lcd_display.c(54): warning:  #167-D: argument of type "unsigned char *" is incompatible with parameter of type "char *restrict"
compiling led.c...
compiling Main.c...
compiling potentiometer.c...
compiling Retarget.c...
compiling RTX_config.c...
compiling timer.c...
compiling uart.c...
compiling ece_spi.c...
compiling sensor_fusion.c...
linking...
Program Size: Code=13008 RO-data=6628 RW-data=156 ZI-data=13092  
"Project4.axf" - 0 Error(s), 3 Warning(s).
Build target 'Target 1'
linking...
Program Size: Code=13008 RO-data=6628 RW-data=156 ZI-data=13092  
"Project4.axf" - 0 Error(s), 0 Warning(s).
Load "N:\\MTE241\\Stacker\\Source Code\\Project4.AXF" 
Erase Done.
Programming Done.
Verify OK.
Build target 'Target 1'
compiling system_LPC17xx.c...
compiling game_state.c...
compiling GLCD_Scroll.c...
compiling GLCD_SPI_LPC1700.c...
compiling joystick.c...
compiling lcd_display.c...
lcd_display.c(46): warning:  #167-D: argument of type "unsigned char *" is incompatible with parameter of type "char *restrict"
lcd_display.c(50): warning:  #167-D: argument of type "unsigned char *" is incompatible with parameter of type "char *restrict"
lcd_display.c(54): warning:  #167-D: argument of type "unsigned char *" is incompatible with parameter of type "char *restrict"
compiling led.c...
compiling Main.c...
compiling potentiometer.c...
compiling Retarget.c...
compiling RTX_config.c...
compiling timer.c...
compiling uart.c...
linking...
Program Size: Code=12984 RO-data=6644 RW-data=160 ZI-data=13088  
"Project4.axf" - 0 Error(s), 3 Warning(s).
Load "N:\\MTE241\\Stacker\\Source Code\\Project4.AXF" 
Erase Done.
Programming Done.
Verify OK.
Build target 'Target 1'
compiling Main.c...
linking...
Program Size: Code=12984 RO-data=6644 RW-data=160 ZI-data=13088  
"Project4.axf" - 0 Error(s), 0 Warning(s).
Load "N:\\MTE241\\Stacker\\Source Code\\Project4.AXF" 
Erase Done.
Programming Done.
Verify OK.
Rebuild target 'Target 1'
assembling startup_LPC17xx.s...
compiling system_LPC17xx.c...
compiling game_state.c...
compiling GLCD_Scroll.c...
compiling GLCD_SPI_LPC1700.c...
compiling joystick.c...
compiling lcd_display.c...
lcd_display.c(46): warning:  #167-D: argument of type "unsigned char *" is incompatible with parameter of type "char *restrict"
lcd_display.c(50): warning:  #167-D: argument of type "unsigned char *" is incompatible with parameter of type "char *restrict"
lcd_display.c(54): warning:  #167-D: argument of type "unsigned char *" is incompatible with parameter of type "char *restrict"
compiling led.c...
compiling Main.c...
compiling potentiometer.c...
compiling Retarget.c...
compiling RTX_config.c...
compiling timer.c...
compiling uart.c...
linking...
Program Size: Code=12992 RO-data=6644 RW-data=160 ZI-data=13088  
"Project4.axf" - 0 Error(s), 3 Warning(s).
Load "N:\\MTE241\\Stacker\\Source Code\\Project4.AXF" 
Erase Done.
Programming Done.
Verify OK.
Rebuild target 'Target 1'
assembling startup_LPC17xx.s...
compiling system_LPC17xx.c...
compiling game_state.c...
compiling GLCD_Scroll.c...
compiling GLCD_SPI_LPC1700.c...
compiling joystick.c...
compiling lcd_display.c...
lcd_display.c(46): warning:  #167-D: argument of type "unsigned char *" is incompatible with parameter of type "char *restrict"
lcd_display.c(50): warning:  #167-D: argument of type "unsigned char *" is incompatible with parameter of type "char *restrict"
lcd_display.c(54): warning:  #167-D: argument of type "unsigned char *" is incompatible with parameter of type "char *restrict"
compiling led.c...
compiling Main.c...
Main.c(55): error:  #127: expected a statement
Main.c(71): warning:  #12-D: parsing restarts here after previous syntax error
Main.c(31): warning:  #550-D: variable "block_xi" was set but never used
Main.c(31): warning:  #550-D: variable "block_xf" was set but never used
Main.c(32): warning:  #550-D: variable "stack_xi" was set but never used
Main.c(32): warning:  #550-D: variable "stack_xf" was set but never used
compiling potentiometer.c...
compiling Retarget.c...
compiling RTX_config.c...
compiling timer.c...
compiling uart.c...
Target not created
Load "N:\\MTE241\\Stacker\\Source Code\\Project4.AXF" 
_____^
*** error 56: cannot open file
Build target 'Target 1'
compiling Main.c...
Main.c(55): error:  #127: expected a statement
Main.c(71): warning:  #12-D: parsing restarts here after previous syntax error
Main.c(31): warning:  #550-D: variable "block_xi" was set but never used
Main.c(31): warning:  #550-D: variable "block_xf" was set but never used
Main.c(32): warning:  #550-D: variable "stack_xi" was set but never used
Main.c(32): warning:  #550-D: variable "stack_xf" was set but never used
Target not created
Build target 'Target 1'
compiling Main.c...
linking...
Program Size: Code=12992 RO-data=6644 RW-data=160 ZI-data=13088  
"Project4.axf" - 0 Error(s), 0 Warning(s).
Build target 'Target 1'
compiling Main.c...
Main.c(56): error:  #127: expected a statement
Main.c(72): warning:  #12-D: parsing restarts here after previous syntax error
Main.c(31): warning:  #550-D: variable "block_xi" was set but never used
Main.c(31): warning:  #550-D: variable "block_xf" was set but never used
Main.c(32): warning:  #550-D: variable "stack_xi" was set but never used
Main.c(32): warning:  #550-D: variable "stack_xf" was set but never used
Target not created
Build target 'Target 1'
compiling Main.c...
linking...
Program Size: Code=12972 RO-data=6644 RW-data=160 ZI-data=13088  
"Project4.axf" - 0 Error(s), 0 Warning(s).
Build target 'Target 1'
compiling Main.c...
linking...
Program Size: Code=12964 RO-data=6644 RW-data=160 ZI-data=13088  
"Project4.axf" - 0 Error(s), 0 Warning(s).
Load "N:\\MTE241\\Stacker\\Source Code\\Project4.AXF" 
Erase Done.
Programming Done.
Verify OK.
Build target 'Target 1'
compiling Main.c...
linking...
Program Size: Code=12964 RO-data=6644 RW-data=160 ZI-data=13088  
"Project4.axf" - 0 Error(s), 0 Warning(s).
Load "N:\\MTE241\\Stacker\\Source Code\\Project4.AXF" 
Erase Done.
Programming Done.
Verify OK.
Load "N:\\MTE241\\Stacker\\Source Code\\Project4.AXF" 
Erase Done.
Programming Done.
Verify OK.
Rebuild target 'Target 1'
assembling startup_LPC17xx.s...
compiling system_LPC17xx.c...
compiling game_state.c...
compiling GLCD_Scroll.c...
compiling GLCD_SPI_LPC1700.c...
compiling joystick.c...
compiling lcd_display.c...
lcd_display.c(46): warning:  #167-D: argument of type "unsigned char *" is incompatible with parameter of type "char *restrict"
lcd_display.c(50): warning:  #167-D: argument of type "unsigned char *" is incompatible with parameter of type "char *restrict"
lcd_display.c(54): warning:  #167-D: argument of type "unsigned char *" is incompatible with parameter of type "char *restrict"
compiling led.c...
compiling Main.c...
Main.c(77): error:  #165: too few arguments in function call
compiling potentiometer.c...
compiling Retarget.c...
compiling RTX_config.c...
compiling timer.c...
compiling uart.c...
Target not created
Build target 'Target 1'
compiling Main.c...
Main.c(77): error:  #165: too few arguments in function call
Target not created
Rebuild target 'Target 1'
assembling startup_LPC17xx.s...
compiling system_LPC17xx.c...
compiling game_state.c...
game_state.h(23): warning:  #1295-D: Deprecated declaration spawn_block - give arg types
game_state.c(52): error:  #20: identifier "spawn_pos" is undefined
compiling GLCD_Scroll.c...
compiling GLCD_SPI_LPC1700.c...
compiling joystick.c...
game_state.h(23): warning:  #1295-D: Deprecated declaration spawn_block - give arg types
compiling lcd_display.c...
lcd_display.c(46): warning:  #167-D: argument of type "unsigned char *" is incompatible with parameter of type "char *restrict"
lcd_display.c(50): warning:  #167-D: argument of type "unsigned char *" is incompatible with parameter of type "char *restrict"
lcd_display.c(54): warning:  #167-D: argument of type "unsigned char *" is incompatible with parameter of type "char *restrict"
compiling led.c...
compiling Main.c...
game_state.h(23): warning:  #1295-D: Deprecated declaration spawn_block - give arg types
compiling potentiometer.c...
compiling Retarget.c...
compiling RTX_config.c...
compiling timer.c...
compiling uart.c...
Target not created
Build target 'Target 1'
compiling game_state.c...
game_state.h(23): warning:  #1295-D: Deprecated declaration spawn_block - give arg types
compiling joystick.c...
game_state.h(23): warning:  #1295-D: Deprecated declaration spawn_block - give arg types
compiling lcd_display.c...
lcd_display.c(46): warning:  #167-D: argument of type "unsigned char *" is incompatible with parameter of type "char *restrict"
lcd_display.c(50): warning:  #167-D: argument of type "unsigned char *" is incompatible with parameter of type "char *restrict"
lcd_display.c(54): warning:  #167-D: argument of type "unsigned char *" is incompatible with parameter of type "char *restrict"
compiling Main.c...
game_state.h(23): warning:  #1295-D: Deprecated declaration spawn_block - give arg types
linking...
Program Size: Code=12960 RO-data=6644 RW-data=156 ZI-data=13092  
"Project4.axf" - 0 Error(s), 6 Warning(s).
Build target 'Target 1'
compiling game_state.c...
compiling joystick.c...
compiling Main.c...
linking...
Program Size: Code=12960 RO-data=6644 RW-data=156 ZI-data=13092  
"Project4.axf" - 0 Error(s), 0 Warning(s).
Load "N:\\MTE241\\Stacker\\Source Code\\Project4.AXF" 
Erase Done.
Programming Done.
Verify OK.
Build target 'Target 1'
compiling game_state.c...
linking...
Program Size: Code=12960 RO-data=6644 RW-data=156 ZI-data=13092  
"Project4.axf" - 0 Error(s), 0 Warning(s).
Load "N:\\MTE241\\Stacker\\Source Code\\Project4.AXF" 
Erase Done.
Programming Done.
Verify OK.
Build target 'Target 1'
compiling game_state.c...
compiling Main.c...
linking...
Program Size: Code=12960 RO-data=6644 RW-data=156 ZI-data=13092  
"Project4.axf" - 0 Error(s), 0 Warning(s).
Load "N:\\MTE241\\Stacker\\Source Code\\Project4.AXF" 
Erase Done.
Programming Done.
Verify OK.
Build target 'Target 1'
compiling game_state.c...
linking...
Program Size: Code=12948 RO-data=6644 RW-data=156 ZI-data=13092  
"Project4.axf" - 0 Error(s), 0 Warning(s).
Load "N:\\MTE241\\Stacker\\Source Code\\Project4.AXF" 
Erase Done.
Programming Done.
Verify OK.
Build target 'Target 1'
compiling game_state.c...
compiling Main.c...
linking...
Program Size: Code=12976 RO-data=6644 RW-data=156 ZI-data=13092  
"Project4.axf" - 0 Error(s), 0 Warning(s).
Load "N:\\MTE241\\Stacker\\Source Code\\Project4.AXF" 
Erase Done.
Programming Done.
Verify OK.
Build target 'Target 1'
compiling Main.c...
linking...
Program Size: Code=13000 RO-data=6644 RW-data=156 ZI-data=13092  
"Project4.axf" - 0 Error(s), 0 Warning(s).
Load "N:\\MTE241\\Stacker\\Source Code\\Project4.AXF" 
Erase Done.
Programming Done.
Verify OK.
Build target 'Target 1'
compiling game_state.c...
game_state.c(51): warning:  #1294-D: Old-style function spawn_block
game_state.c(61): warning:  #940-D: missing return statement at end of non-void function "spawn_block"
compiling joystick.c...
compiling Main.c...
Main.c(12): error:  #147: declaration is incompatible with "bool spawn_pos" (declared at line 37 of "game_objects.h")
Target not created
Build target 'Target 1'
compiling game_state.c...
game_state.c(51): warning:  #1294-D: Old-style function spawn_block
compiling joystick.c...
compiling lcd_display.c...
lcd_display.c(46): warning:  #167-D: argument of type "unsigned char *" is incompatible with parameter of type "char *restrict"
lcd_display.c(50): warning:  #167-D: argument of type "unsigned char *" is incompatible with parameter of type "char *restrict"
lcd_display.c(54): warning:  #167-D: argument of type "unsigned char *" is incompatible with parameter of type "char *restrict"
compiling Main.c...
linking...
Program Size: Code=12932 RO-data=6644 RW-data=160 ZI-data=13088  
"Project4.axf" - 0 Error(s), 4 Warning(s).
Build target 'Target 1'
compiling game_state.c...
game_state.c(51): warning:  #1294-D: Old-style function spawn_block
linking...
Program Size: Code=12932 RO-data=6644 RW-data=160 ZI-data=13088  
"Project4.axf" - 0 Error(s), 1 Warning(s).
Build target 'Target 1'
compiling game_state.c...
linking...
Program Size: Code=12932 RO-data=6644 RW-data=160 ZI-data=13088  
"Project4.axf" - 0 Error(s), 0 Warning(s).
Load "N:\\MTE241\\Stacker\\Source Code\\Project4.AXF" 
Erase Done.
Programming Done.
Verify OK.
Build target 'Target 1'
compiling game_state.c...
glcd_scroll.h(18): error:  #65: expected a ";"
compiling joystick.c...
glcd_scroll.h(18): error:  #65: expected a ";"
compiling lcd_display.c...
glcd_scroll.h(18): error:  #65: expected a ";"
lcd_display.c(46): warning:  #167-D: argument of type "unsigned char *" is incompatible with parameter of type "char *restrict"
lcd_display.c(50): warning:  #167-D: argument of type "unsigned char *" is incompatible with parameter of type "char *restrict"
lcd_display.c(54): warning:  #167-D: argument of type "unsigned char *" is incompatible with parameter of type "char *restrict"
compiling Main.c...
glcd_scroll.h(18): error:  #65: expected a ";"
Main.c(77): warning:  #223-D: function "spawn_block" declared implicitly
Target not created
Build target 'Target 1'
compiling game_state.c...
compiling joystick.c...
compiling lcd_display.c...
lcd_display.c(46): warning:  #167-D: argument of type "unsigned char *" is incompatible with parameter of type "char *restrict"
lcd_display.c(50): warning:  #167-D: argument of type "unsigned char *" is incompatible with parameter of type "char *restrict"
lcd_display.c(54): warning:  #167-D: argument of type "unsigned char *" is incompatible with parameter of type "char *restrict"
compiling Main.c...
Main.c(77): warning:  #223-D: function "spawn_block" declared implicitly
linking...
Project4.axf: Error: L6218E: Undefined symbol spawn_block (referred from main.o).
Target not created
Build target 'Target 1'
compiling game_state.c...
compiling joystick.c...
compiling Main.c...
linking...
Project4.axf: Error: L6218E: Undefined symbol spawn_block (referred from main.o).
Target not created
Build target 'Target 1'
compiling game_state.c...
compiling joystick.c...
compiling Main.c...
linking...
Project4.axf: Error: L6218E: Undefined symbol spawn_block (referred from main.o).
Target not created
Build target 'Target 1'
compiling game_state.c...
linking...
Program Size: Code=12940 RO-data=6644 RW-data=156 ZI-data=13092  
"Project4.axf" - 0 Error(s), 0 Warning(s).
Load "N:\\MTE241\\Stacker\\Source Code\\Project4.AXF" 
Erase Done.
Programming Done.
Verify OK.
Build target 'Target 1'
compiling Main.c...
linking...
Program Size: Code=12940 RO-data=6644 RW-data=156 ZI-data=13092  
"Project4.axf" - 0 Error(s), 0 Warning(s).
Load "N:\\MTE241\\Stacker\\Source Code\\Project4.AXF" 
Erase Done.
Programming Done.
Verify OK.
